Component: ARM Compiler 5.05 update 2 (build 169) Tool: armlink [4d0f33]

==============================================================================

Section Cross References

    startup_stm32f10x_hd.o(RESET) refers to startup_stm32f10x_hd.o(STACK) for __initial_sp
    startup_stm32f10x_hd.o(RESET) refers to startup_stm32f10x_hd.o(.text) for Reset_Handler
    startup_stm32f10x_hd.o(RESET) refers to stm32f10x_it.o(i.NMI_Handler) for NMI_Handler
    startup_stm32f10x_hd.o(RESET) refers to stm32f10x_it.o(i.HardFault_Handler) for HardFault_Handler
    startup_stm32f10x_hd.o(RESET) refers to stm32f10x_it.o(i.MemManage_Handler) for MemManage_Handler
    startup_stm32f10x_hd.o(RESET) refers to stm32f10x_it.o(i.BusFault_Handler) for BusFault_Handler
    startup_stm32f10x_hd.o(RESET) refers to stm32f10x_it.o(i.UsageFault_Handler) for UsageFault_Handler
    startup_stm32f10x_hd.o(RESET) refers to stm32f10x_it.o(i.SVC_Handler) for SVC_Handler
    startup_stm32f10x_hd.o(RESET) refers to stm32f10x_it.o(i.DebugMon_Handler) for DebugMon_Handler
    startup_stm32f10x_hd.o(RESET) refers to stm32f10x_it.o(i.PendSV_Handler) for PendSV_Handler
    startup_stm32f10x_hd.o(RESET) refers to stm32f10x_it.o(i.SysTick_Handler) for SysTick_Handler
    startup_stm32f10x_hd.o(RESET) refers to stm32f10x_it.o(i.EXTI3_IRQHandler) for EXTI3_IRQHandler
    startup_stm32f10x_hd.o(RESET) refers to stm32f10x_it.o(i.SDIO_IRQHandler) for SDIO_IRQHandler
    startup_stm32f10x_hd.o(.text) refers to system_stm32f10x.o(i.SystemInit) for SystemInit
    startup_stm32f10x_hd.o(.text) refers to entry.o(.ARM.Collect$$$$00000000) for __main
    system_stm32f10x.o(i.SetSysClock) refers to system_stm32f10x.o(i.SetSysClockTo72) for SetSysClockTo72
    system_stm32f10x.o(i.SystemCoreClockUpdate) refers to system_stm32f10x.o(.data) for SystemCoreClock
    system_stm32f10x.o(i.SystemInit) refers to system_stm32f10x.o(i.SetSysClock) for SetSysClock
    stm32f10x_adc.o(i.ADC_DeInit) refers to stm32f10x_rcc.o(i.RCC_APB2PeriphResetCmd) for RCC_APB2PeriphResetCmd
    stm32f10x_bkp.o(i.BKP_DeInit) refers to stm32f10x_rcc.o(i.RCC_BackupResetCmd) for RCC_BackupResetCmd
    stm32f10x_can.o(i.CAN_DeInit) refers to stm32f10x_rcc.o(i.RCC_APB1PeriphResetCmd) for RCC_APB1PeriphResetCmd
    stm32f10x_can.o(i.CAN_GetITStatus) refers to stm32f10x_can.o(i.CheckITStatus) for CheckITStatus
    stm32f10x_cec.o(i.CEC_DeInit) refers to stm32f10x_rcc.o(i.RCC_APB1PeriphResetCmd) for RCC_APB1PeriphResetCmd
    stm32f10x_dac.o(i.DAC_DeInit) refers to stm32f10x_rcc.o(i.RCC_APB1PeriphResetCmd) for RCC_APB1PeriphResetCmd
    stm32f10x_flash.o(i.FLASH_EnableWriteProtection) refers to stm32f10x_flash.o(i.FLASH_WaitForLastOperation) for FLASH_WaitForLastOperation
    stm32f10x_flash.o(i.FLASH_EraseAllBank1Pages) refers to stm32f10x_flash.o(i.FLASH_WaitForLastBank1Operation) for FLASH_WaitForLastBank1Operation
    stm32f10x_flash.o(i.FLASH_EraseAllPages) refers to stm32f10x_flash.o(i.FLASH_WaitForLastOperation) for FLASH_WaitForLastOperation
    stm32f10x_flash.o(i.FLASH_EraseOptionBytes) refers to stm32f10x_flash.o(i.FLASH_GetReadOutProtectionStatus) for FLASH_GetReadOutProtectionStatus
    stm32f10x_flash.o(i.FLASH_EraseOptionBytes) refers to stm32f10x_flash.o(i.FLASH_WaitForLastOperation) for FLASH_WaitForLastOperation
    stm32f10x_flash.o(i.FLASH_ErasePage) refers to stm32f10x_flash.o(i.FLASH_WaitForLastOperation) for FLASH_WaitForLastOperation
    stm32f10x_flash.o(i.FLASH_ProgramHalfWord) refers to stm32f10x_flash.o(i.FLASH_WaitForLastOperation) for FLASH_WaitForLastOperation
    stm32f10x_flash.o(i.FLASH_ProgramOptionByteData) refers to stm32f10x_flash.o(i.FLASH_WaitForLastOperation) for FLASH_WaitForLastOperation
    stm32f10x_flash.o(i.FLASH_ProgramWord) refers to stm32f10x_flash.o(i.FLASH_WaitForLastOperation) for FLASH_WaitForLastOperation
    stm32f10x_flash.o(i.FLASH_ReadOutProtection) refers to stm32f10x_flash.o(i.FLASH_WaitForLastOperation) for FLASH_WaitForLastOperation
    stm32f10x_flash.o(i.FLASH_UserOptionByteConfig) refers to stm32f10x_flash.o(i.FLASH_WaitForLastOperation) for FLASH_WaitForLastOperation
    stm32f10x_flash.o(i.FLASH_WaitForLastBank1Operation) refers to stm32f10x_flash.o(i.FLASH_GetBank1Status) for FLASH_GetBank1Status
    stm32f10x_flash.o(i.FLASH_WaitForLastOperation) refers to stm32f10x_flash.o(i.FLASH_GetBank1Status) for FLASH_GetBank1Status
    stm32f10x_gpio.o(i.GPIO_AFIODeInit) refers to stm32f10x_rcc.o(i.RCC_APB2PeriphResetCmd) for RCC_APB2PeriphResetCmd
    stm32f10x_gpio.o(i.GPIO_DeInit) refers to stm32f10x_rcc.o(i.RCC_APB2PeriphResetCmd) for RCC_APB2PeriphResetCmd
    stm32f10x_i2c.o(i.I2C_DeInit) refers to stm32f10x_rcc.o(i.RCC_APB1PeriphResetCmd) for RCC_APB1PeriphResetCmd
    stm32f10x_i2c.o(i.I2C_Init) refers to stm32f10x_rcc.o(i.RCC_GetClocksFreq) for RCC_GetClocksFreq
    stm32f10x_pwr.o(i.PWR_DeInit) refers to stm32f10x_rcc.o(i.RCC_APB1PeriphResetCmd) for RCC_APB1PeriphResetCmd
[...]
    Removing stm32f10x_tim.o(i.TIM_SelectOnePulseMode), (18 bytes).
    Removing stm32f10x_tim.o(i.TIM_SelectOutputTrigger), (18 bytes).
    Removing stm32f10x_tim.o(i.TIM_SelectSlaveMode), (18 bytes).
    Removing stm32f10x_tim.o(i.TIM_SetAutoreload), (4 bytes).
    Removing stm32f10x_tim.o(i.TIM_SetClockDivision), (18 bytes).
    Removing stm32f10x_tim.o(i.TIM_SetCompare1), (4 bytes).
    Removing stm32f10x_tim.o(i.TIM_SetCompare2), (4 bytes).
    Removing stm32f10x_tim.o(i.TIM_SetCompare3), (4 bytes).
    Removing stm32f10x_tim.o(i.TIM_SetCompare4), (6 bytes).
    Removing stm32f10x_tim.o(i.TIM_SetCounter), (4 bytes).
    Removing stm32f10x_tim.o(i.TIM_SetIC1Prescaler), (18 bytes).
    Removing stm32f10x_tim.o(i.TIM_SetIC2Prescaler), (26 bytes).
    Removing stm32f10x_tim.o(i.TIM_SetIC3Prescaler), (18 bytes).
    Removing stm32f10x_tim.o(i.TIM_SetIC4Prescaler), (26 bytes).
    Removing stm32f10x_tim.o(i.TIM_TIxExternalClockConfig), (62 bytes).
    Removing stm32f10x_tim.o(i.TIM_TimeBaseInit), (164 bytes).
    Removing stm32f10x_tim.o(i.TIM_TimeBaseStructInit), (18 bytes).
    Removing stm32f10x_tim.o(i.TIM_UpdateDisableConfig), (24 bytes).
    Removing stm32f10x_tim.o(i.TIM_UpdateRequestConfig), (24 bytes).
    Removing stm32f10x_usart.o(i.USART_ClearFlag), (18 bytes).
    Removing stm32f10x_usart.o(i.USART_ClearITPendingBit), (30 bytes).
    Removing stm32f10x_usart.o(i.USART_ClockInit), (34 bytes).
    Removing stm32f10x_usart.o(i.USART_ClockStructInit), (12 bytes).
    Removing stm32f10x_usart.o(i.USART_DMACmd), (18 bytes).
    Removing stm32f10x_usart.o(i.USART_DeInit), (156 bytes).
    Removing stm32f10x_usart.o(i.USART_GetITStatus), (84 bytes).
    Removing stm32f10x_usart.o(i.USART_HalfDuplexCmd), (24 bytes).
    Removing stm32f10x_usart.o(i.USART_ITConfig), (74 bytes).
    Removing stm32f10x_usart.o(i.USART_IrDACmd), (24 bytes).
    Removing stm32f10x_usart.o(i.USART_IrDAConfig), (18 bytes).
    Removing stm32f10x_usart.o(i.USART_LINBreakDetectLengthConfig), (18 bytes).
    Removing stm32f10x_usart.o(i.USART_LINCmd), (24 bytes).
    Removing stm32f10x_usart.o(i.USART_OneBitMethodCmd), (24 bytes).
    Removing stm32f10x_usart.o(i.USART_OverSampling8Cmd), (22 bytes).
    Removing stm32f10x_usart.o(i.USART_ReceiveData), (10 bytes).
    Removing stm32f10x_usart.o(i.USART_ReceiverWakeUpCmd), (24 bytes).
    Removing stm32f10x_usart.o(i.USART_SendBreak), (10 bytes).
    Removing stm32f10x_usart.o(i.USART_SetAddress), (18 bytes).
    Removing stm32f10x_usart.o(i.USART_SetGuardTime), (16 bytes).
    Removing stm32f10x_usart.o(i.USART_SetPrescaler), (16 bytes).
    Removing stm32f10x_usart.o(i.USART_SmartCardCmd), (24 bytes).
    Removing stm32f10x_usart.o(i.USART_SmartCardNACKCmd), (24 bytes).
    Removing stm32f10x_usart.o(i.USART_StructInit), (24 bytes).
    Removing stm32f10x_usart.o(i.USART_WakeUpConfig), (18 bytes).
    Removing stm32f10x_wwdg.o(i.WWDG_ClearFlag), (12 bytes).
    Removing stm32f10x_wwdg.o(i.WWDG_DeInit), (22 bytes).
    Removing stm32f10x_wwdg.o(i.WWDG_Enable), (16 bytes).
    Removing stm32f10x_wwdg.o(i.WWDG_EnableIT), (12 bytes).
    Removing stm32f10x_wwdg.o(i.WWDG_GetFlagStatus), (12 bytes).
    Removing stm32f10x_wwdg.o(i.WWDG_SetCounter), (16 bytes).
    Removing stm32f10x_wwdg.o(i.WWDG_SetPrescaler), (24 bytes).
    Removing stm32f10x_wwdg.o(i.WWDG_SetWindowValue), (40 bytes).
    Removing main.o(i.Delay_ms), (132 bytes).
    Removing main.o(i.LCD_Test), (120 bytes).
    Removing main.o(i.USART_ReadAndDisplay), (148 bytes).
    Removing bsp_ov7725.o(i.OV7725_Window_VGA_Set), (212 bytes).
    Removing bsp_ili9341_lcd.o(i.ILI9341_DispString_EN), (104 bytes).
    Removing bsp_ili9341_lcd.o(i.ILI9341_DispString_EN_YDir), (104 bytes).
    Removing bsp_ili9341_lcd.o(i.ILI9341_DrawCircle), (312 bytes).
    Removing bsp_ili9341_lcd.o(i.ILI9341_DrawLine), (160 bytes).
    Removing bsp_ili9341_lcd.o(i.ILI9341_DrawRectangle), (136 bytes).
    Removing bsp_ili9341_lcd.o(i.ILI9341_GetPointPixel), (24 bytes).
    Removing bsp_ili9341_lcd.o(i.ILI9341_Read_Data), (12 bytes).
    Removing bsp_ili9341_lcd.o(i.ILI9341_Read_PixelData), (54 bytes).
    Removing bsp_ili9341_lcd.o(i.ILI9341_SetCursor), (20 bytes).
    Removing bsp_ili9341_lcd.o(i.ILI9341_SetPointPixel), (56 bytes).
    Removing bsp_ili9341_lcd.o(i.LCD_ClearLine), (32 bytes).
    Removing bsp_ili9341_lcd.o(i.LCD_GetColors), (24 bytes).
    Removing bsp_ili9341_lcd.o(i.LCD_SetBackColor), (12 bytes).
    Removing bsp_ili9341_lcd.o(i.LCD_SetTextColor), (12 bytes).
    Removing bsp_usart.o(i.fgetc), (32 bytes).
    Removing bsp_systick.o(i.get_tick_count), (16 bytes).
    Removing bsp_systick.o(i.mdelay), (20 bytes).
    Removing bsp_sdio_sdcard.o(i.IsCardProgramming), (412 bytes).
    Removing bsp_sdio_sdcard.o(i.SD_DeInit), (76 bytes).
    Removing bsp_sdio_sdcard.o(i.SD_Erase), (312 bytes).
    Removing bsp_sdio_sdcard.o(i.SD_GetCardStatus), (160 bytes).
    Removing bsp_sdio_sdcard.o(i.SD_GetTransferState), (24 bytes).
    Removing bsp_sdio_sdcard.o(i.SD_PowerOFF), (14 bytes).
    Removing bsp_sdio_sdcard.o(i.SD_ReadBlock), (220 bytes).
    Removing bsp_sdio_sdcard.o(i.SD_SendSDStatus), (376 bytes).
    Removing bsp_sdio_sdcard.o(i.SD_StopTransfer), (32 bytes).
    Removing bsp_sdio_sdcard.o(i.SD_WriteBlock), (220 bytes).
    Removing bsp_sdio_sdcard.o(i.convert_from_bytes_to_power_of_two), (18 bytes).
    Removing bsp_bmp.o(i.LCD_Show_BMP), (508 bytes).
    Removing bsp_bmp.o(i.Screen_Shot), (452 bytes).
    Removing bsp_bmp.o(i.showBmpHead), (128 bytes).
    Removing bsp_bmp.o(i.showBmpInforHead), (364 bytes).
    Removing bsp_bmp.o(.bss), (9224 bytes).
    Removing bsp_bmp.o(.data), (1 bytes).
    Removing diskio.o(i.get_fattime), (8 bytes).
    Removing ff.o(i.chk_chr), (20 bytes).
    Removing ff.o(i.clust2sect), (26 bytes).
    Removing ff.o(i.cmp_lfn), (160 bytes).
    Removing ff.o(i.create_chain), (214 bytes).
    Removing ff.o(i.create_name), (560 bytes).
    Removing ff.o(i.dir_alloc), (92 bytes).
    Removing ff.o(i.dir_find), (234 bytes).
    Removing ff.o(i.dir_next), (314 bytes).
    Removing ff.o(i.dir_read), (198 bytes).
    Removing ff.o(i.dir_register), (298 bytes).
    Removing ff.o(i.dir_remove), (106 bytes).
    Removing ff.o(i.dir_sdi), (200 bytes).
    Removing ff.o(i.f_chmod), (92 bytes).
    Removing ff.o(i.f_close), (32 bytes).
    Removing ff.o(i.f_closedir), (22 bytes).
    Removing ff.o(i.f_getfree), (258 bytes).
    Removing ff.o(i.f_gets), (82 bytes).
    Removing ff.o(i.f_lseek), (410 bytes).
    Removing ff.o(i.f_mkdir), (358 bytes).
    Removing ff.o(i.f_mkfs), (1668 bytes).
    Removing ff.o(i.f_open), (382 bytes).
    Removing ff.o(i.f_opendir), (118 bytes).
    Removing ff.o(i.f_printf), (628 bytes).
    Removing ff.o(i.f_putc), (64 bytes).
    Removing ff.o(i.f_puts), (74 bytes).
    Removing ff.o(i.f_read), (464 bytes).
    Removing ff.o(i.f_readdir), (100 bytes).
    Removing ff.o(i.f_rename), (266 bytes).
    Removing ff.o(i.f_stat), (68 bytes).
    Removing ff.o(i.f_sync), (176 bytes).
    Removing ff.o(i.f_truncate), (184 bytes).
    Removing ff.o(i.f_unlink), (174 bytes).
    Removing ff.o(i.f_utime), (94 bytes).
    Removing ff.o(i.f_write), (524 bytes).
    Removing ff.o(i.fit_lfn), (128 bytes).
    Removing ff.o(i.follow_path), (144 bytes).
    Removing ff.o(i.gen_numname), (180 bytes).
    Removing ff.o(i.get_fat), (318 bytes).
    Removing ff.o(i.get_fileinfo), (258 bytes).
    Removing ff.o(i.ld_clust), (32 bytes).
    Removing ff.o(i.mem_cmp), (38 bytes).
    Removing ff.o(i.mem_cpy), (26 bytes).
    Removing ff.o(i.mem_set), (20 bytes).
    Removing ff.o(i.pick_lfn), (128 bytes).
    Removing ff.o(i.put_fat), (392 bytes).
    Removing ff.o(i.putc_bfd), (68 bytes).
    Removing ff.o(i.remove_chain), (108 bytes).
    Removing ff.o(i.st_clust), (16 bytes).
    Removing ff.o(i.sum_sfn), (32 bytes).
    Removing ff.o(i.sync_fs), (200 bytes).
    Removing ff.o(i.validate), (50 bytes).
    Removing ff.o(.constdata), (186 bytes).
    Removing ccsbcs.o(i.ff_convert), (76 bytes).
    Removing ccsbcs.o(i.ff_wtoupper), (92 bytes).
    Removing ccsbcs.o(.constdata), (2232 bytes).
    Removing dadd.o(.text), (334 bytes).
    Removing dmul.o(.text), (228 bytes).
    Removing ddiv.o(.text), (222 bytes).
    Removing dfixul.o(.text), (48 bytes).
    Removing cdrcmple.o(.text), (48 bytes).
    Removing depilogue.o(.text), (186 bytes).

536 unused section(s) (total 46549 bytes) removed from the image.

==============================================================================

Image Symbol Table

    Local Symbols

    Symbol Name                              Value     Ov Type        Size  Object(Section)

    ../clib/../cmprslib/zerorunl2.c          0x00000000   Number         0  __dczerorl2.o ABSOLUTE
    ../clib/microlib/division.c              0x00000000   Number         0  uidiv.o ABSOLUTE
    ../clib/microlib/division.c              0x00000000   Number         0  uldiv.o ABSOLUTE
    ../clib/microlib/init/entry.s            0x00000000   Number         0  entry5.o ABSOLUTE
    ../clib/microlib/init/entry.s            0x00000000   Number         0  entry10a.o ABSOLUTE
    ../clib/microlib/init/entry.s            0x00000000   Number         0  entry9b.o ABSOLUTE
    ../clib/microlib/init/entry.s            0x00000000   Number         0  entry7a.o ABSOLUTE
    ../clib/microlib/init/entry.s            0x00000000   Number         0  entry9a.o ABSOLUTE
    ../clib/microlib/init/entry.s            0x00000000   Number         0  entry7b.o ABSOLUTE
    ../clib/microlib/init/entry.s            0x00000000   Number         0  entry8b.o ABSOLUTE
    ../clib/microlib/init/entry.s            0x00000000   Number         0  entry11a.o ABSOLUTE
    ../clib/microlib/init/entry.s            0x00000000   Number         0  entry11b.o ABSOLUTE
    ../clib/microlib/init/entry.s            0x00000000   Number         0  entry2.o ABSOLUTE
    ../clib/microlib/init/entry.s            0x00000000   Number         0  entry8a.o ABSOLUTE
    ../clib/microlib/init/entry.s            0x00000000   Number         0  entry10b.o ABSOLUTE
    ../clib/microlib/init/entry.s            0x00000000   Number         0  entry.o ABSOLUTE
    ../clib/microlib/longlong.c              0x00000000   Number         0  llshl.o ABSOLUTE
    ../clib/microlib/longlong.c              0x00000000   Number         0  llushr.o ABSOLUTE
    ../clib/microlib/longlong.c              0x00000000   Number         0  llsshr.o ABSOLUTE
    ../clib/microlib/printf/printf.c         0x00000000   Number         0  printf4.o ABSOLUTE
    ../clib/microlib/printf/printf.c         0x00000000   Number         0  printfb.o ABSOLUTE
    ../clib/microlib/printf/printf.c         0x00000000   Number         0  printf0.o ABSOLUTE
    ../clib/microlib/printf/printf.c         0x00000000   Number         0  printf7.o ABSOLUTE
    ../clib/microlib/printf/printf.c         0x00000000   Number         0  printf6.o ABSOLUTE
    ../clib/microlib/printf/printf.c         0x00000000   Number         0  printf5.o ABSOLUTE
    ../clib/microlib/printf/printf.c         0x00000000   Number         0  printf3.o ABSOLUTE
    ../clib/microlib/printf/printf.c         0x00000000   Number         0  printf2.o ABSOLUTE
    ../clib/microlib/printf/printf.c         0x00000000   Number         0  printf1.o ABSOLUTE
    ../clib/microlib/printf/printf.c         0x00000000   Number         0  printfa.o ABSOLUTE
    ../clib/microlib/printf/printf.c         0x00000000   Number         0  printf8.o ABSOLUTE
    ../clib/microlib/printf/stubs.s          0x00000000   Number         0  stubs.o ABSOLUTE
    ../clib/microlib/stdio/streams.c         0x00000000   Number         0  stdout.o ABSOLUTE
    ../clib/microlib/string/memcpy.c         0x00000000   Number         0  memcpyb.o ABSOLUTE
    ../clib/microlib/string/memcpy.c         0x00000000   Number         0  memcpya.o ABSOLUTE
    ../clib/microlib/stubs.s                 0x00000000   Number         0  iusefp.o ABSOLUTE
    ../fplib/microlib/fpadd.c                0x00000000   Number         0  dadd.o ABSOLUTE
    ../fplib/microlib/fpadd.c                0x00000000   Number         0  fadd.o ABSOLUTE
    ../fplib/microlib/fpdiv.c                0x00000000   Number         0  ddiv.o ABSOLUTE
    ../fplib/microlib/fpepilogue.c           0x00000000   Number         0  fepilogue.o ABSOLUTE
    ../fplib/microlib/fpepilogue.c           0x00000000   Number         0  depilogue.o ABSOLUTE
    ../fplib/microlib/fpfix.c                0x00000000   Number         0  dfixul.o ABSOLUTE
    ../fplib/microlib/fpmul.c                0x00000000   Number         0  dmul.o ABSOLUTE
    ..\..\Libraries\CMSIS\core_cm3.c         0x00000000   Number         0  core_cm3.o ABSOLUTE
    ..\..\Libraries\CMSIS\startup\startup_stm32f10x_hd.s 0x00000000   Number         0  startup_stm32f10x_hd.o ABSOLUTE
    ..\..\Libraries\CMSIS\system_stm32f10x.c 0x00000000   Number         0  system_stm32f10x.o ABSOLUTE
    ..\..\Libraries\FWlib\src\misc.c         0x00000000   Number         0  misc.o ABSOLUTE
    ..\..\Libraries\FWlib\src\stm32f10x_adc.c 0x00000000   Number         0  stm32f10x_adc.o ABSOLUTE
    ..\..\Libraries\FWlib\src\stm32f10x_bkp.c 0x00000000   Number         0  stm32f10x_bkp.o ABSOLUTE
    ..\..\Libraries\FWlib\src\stm32f10x_can.c 0x00000000   Number         0  stm32f10x_can.o ABSOLUTE
    ..\..\Libraries\FWlib\src\stm32f10x_cec.c 0x00000000   Number         0  stm32f10x_cec.o ABSOLUTE
    ..\..\Libraries\FWlib\src\stm32f10x_crc.c 0x00000000   Number         0  stm32f10x_crc.o ABSOLUTE
    ..\..\Libraries\FWlib\src\stm32f10x_dac.c 0x00000000   Number         0  stm32f10x_dac.o ABSOLUTE
    ..\..\Libraries\FWlib\src\stm32f10x_dbgmcu.c 0x00000000   Number         0  stm32f10x_dbgmcu.o ABSOLUTE
    ..\..\Libraries\FWlib\src\stm32f10x_dma.c 0x00000000   Number         0  stm32f10x_dma.o ABSOLUTE
    ..\..\Libraries\FWlib\src\stm32f10x_exti.c 0x00000000   Number         0  stm32f10x_exti.o ABSOLUTE
    ..\..\Libraries\FWlib\src\stm32f10x_flash.c 0x00000000   Number         0  stm32f10x_flash.o ABSOLUTE
    ..\..\Libraries\FWlib\src\stm32f10x_fsmc.c 0x00000000   Number         0  stm32f10x_fsmc.o ABSOLUTE
    ..\..\Libraries\FWlib\src\stm32f10x_gpio.c 0x00000000   Number         0  stm32f10x_gpio.o ABSOLUTE
    ..\..\Libraries\FWlib\src\stm32f10x_i2c.c 0x00000000   Number         0  stm32f10x_i2c.o ABSOLUTE
    ..\..\Libraries\FWlib\src\stm32f10x_iwdg.c 0x00000000   Number         0  stm32f10x_iwdg.o ABSOLUTE
    ..\..\Libraries\FWlib\src\stm32f10x_pwr.c 0x00000000   Number         0  stm32f10x_pwr.o ABSOLUTE
    ..\..\Libraries\FWlib\src\stm32f10x_rcc.c 0x00000000   Number         0  stm32f10x_rcc.o ABSOLUTE
    ..\..\Libraries\FWlib\src\stm32f10x_rtc.c 0x00000000   Number         0  stm32f10x_rtc.o ABSOLUTE
    ..\..\Libraries\FWlib\src\stm32f10x_sdio.c 0x00000000   Number         0  stm32f10x_sdio.o ABSOLUTE
    ..\..\Libraries\FWlib\src\stm32f10x_spi.c 0x00000000   Number         0  stm32f10x_spi.o ABSOLUTE
    ..\..\Libraries\FWlib\src\stm32f10x_tim.c 0x00000000   Number         0  stm32f10x_tim.o ABSOLUTE
    ..\..\Libraries\FWlib\src\stm32f10x_usart.c 0x00000000   Number         0  stm32f10x_usart.o ABSOLUTE
    ..\..\Libraries\FWlib\src\stm32f10x_wwdg.c 0x00000000   Number         0  stm32f10x_wwdg.o ABSOLUTE
    ..\..\User\FATFS\diskio.c                0x00000000   Number         0  diskio.o ABSOLUTE
    ..\..\User\FATFS\ff.c                    0x00000000   Number         0  ff.o ABSOLUTE
    ..\..\User\FATFS\option\ccsbcs.c         0x00000000   Number         0  ccsbcs.o ABSOLUTE
    ..\..\User\FATFS\option\syscall.c        0x00000000   Number         0  syscall.o ABSOLUTE
    ..\..\User\Key\bsp_key.c                 0x00000000   Number         0  bsp_key.o ABSOLUTE
    ..\..\User\SysTick\bsp_SysTick.c         0x00000000   Number         0  bsp_systick.o ABSOLUTE
    ..\..\User\bmp\bsp_bmp.c                 0x00000000   Number         0  bsp_bmp.o ABSOLUTE
    ..\..\User\font\fonts.c                  0x00000000   Number         0  fonts.o ABSOLUTE
    ..\..\User\lcd\bsp_ili9341_lcd.c         0x00000000   Number         0  bsp_ili9341_lcd.o ABSOLUTE
    ..\..\User\led\bsp_led.c                 0x00000000   Number         0  bsp_led.o ABSOLUTE
    ..\..\User\main.c                        0x00000000   Number         0  main.o ABSOLUTE
    ..\..\User\ov7725\bsp_ov7725.c           0x00000000   Number         0  bsp_ov7725.o ABSOLUTE
    ..\..\User\sccb\bsp_sccb.c               0x00000000   Number         0  bsp_sccb.o ABSOLUTE
    ..\..\User\sdio\bsp_sdio_sdcard.c        0x00000000   Number         0  bsp_sdio_sdcard.o ABSOLUTE
    ..\..\User\stm32f10x_it.c                0x00000000   Number         0  stm32f10x_it.o ABSOLUTE
    ..\..\User\usart\bsp_usart.c             0x00000000   Number         0  bsp_usart.o ABSOLUTE
    ..\\..\\Libraries\\CMSIS\\core_cm3.c     0x00000000   Number         0  core_cm3.o ABSOLUTE
    cdrcmple.s                               0x00000000   Number         0  cdrcmple.o ABSOLUTE
    dc.s                                     0x00000000   Number         0  dc.o ABSOLUTE
    handlers.s                               0x00000000   Number         0  handlers.o ABSOLUTE
    init.s                                   0x00000000   Number         0  init.o ABSOLUTE
    RESET                                    0x08000000   Section      304  startup_stm32f10x_hd.o(RESET)
    .ARM.Collect$$$$00000000                 0x08000130   Section        0  entry.o(.ARM.Collect$$$$00000000)
    .ARM.Collect$$$$00000001                 0x08000130   Section        4  entry2.o(.ARM.Collect$$$$00000001)
    .ARM.Collect$$$$00000004                 0x08000134   Section        4  entry5.o(.ARM.Collect$$$$00000004)
    .ARM.Collect$$$$00000008                 0x08000138   Section        0  entry7b.o(.ARM.Collect$$$$00000008)
    .ARM.Collect$$$$0000000A                 0x08000138   Section        0  entry8b.o(.ARM.Collect$$$$0000000A)
    .ARM.Collect$$$$0000000B                 0x08000138   Section        8  entry9a.o(.ARM.Collect$$$$0000000B)
    .ARM.Collect$$$$0000000D                 0x08000140   Section        0  entry10a.o(.ARM.Collect$$$$0000000D)
    .ARM.Collect$$$$0000000F                 0x08000140   Section        0  entry11a.o(.ARM.Collect$$$$0000000F)
    .ARM.Collect$$$$00002712                 0x08000140   Section        4  entry2.o(.ARM.Collect$$$$00002712)
    __lit__00000000                          0x08000140   Data           4  entry2.o(.ARM.Collect$$$$00002712)
    .text                                    0x08000144   Section       36  startup_stm32f10x_hd.o(.text)
    .text                                    0x08000168   Section        0  memcpya.o(.text)
    .text                                    0x0800018c   Section        0  fadd.o(.text)
    .text                                    0x0800023c   Section        0  uldiv.o(.text)
    .text                                    0x0800029e   Section        0  fepilogue.o(.text)
    .text                                    0x0800029e   Section        0  iusefp.o(.text)
    .text                                    0x0800030c   Section       36  init.o(.text)
    .text                                    0x08000330   Section        0  llshl.o(.text)
    .text                                    0x0800034e   Section        0  llushr.o(.text)
    .text                                    0x0800036e   Section        0  __dczerorl2.o(.text)
    i.BusFault_Handler                       0x080003c4   Section        0  stm32f10x_it.o(i.BusFault_Handler)
    i.CmdError                               0x080003c8   Section        0  bsp_sdio_sdcard.o(i.CmdError)
    CmdError                                 0x080003c9   Thumb Code    44  bsp_sdio_sdcard.o(i.CmdError)
    i.CmdResp1Error                          0x080003f4   Section        0  bsp_sdio_sdcard.o(i.CmdResp1Error)
    CmdResp1Error                            0x080003f5   Thumb Code    36  bsp_sdio_sdcard.o(i.CmdResp1Error)
    i.CmdResp2Error                          0x0800041c   Section        0  bsp_sdio_sdcard.o(i.CmdResp2Error)
    CmdResp2Error                            0x0800041d   Thumb Code    70  bsp_sdio_sdcard.o(i.CmdResp2Error)
    i.CmdResp3Error                          0x08000468   Section        0  bsp_sdio_sdcard.o(i.CmdResp3Error)
    CmdResp3Error                            0x08000469   Thumb Code    52  bsp_sdio_sdcard.o(i.CmdResp3Error)
    i.CmdResp6Error                          0x080004a0   Section        0  bsp_sdio_sdcard.o(i.CmdResp6Error)
    CmdResp6Error                            0x080004a1   Thumb Code   152  bsp_sdio_sdcard.o(i.CmdResp6Error)
    i.CmdResp7Error                          0x0800053c   Section        0  bsp_sdio_sdcard.o(i.CmdResp7Error)
    CmdResp7Error                            0x0800053d   Thumb Code    72  bsp_sdio_sdcard.o(i.CmdResp7Error)
    i.DMA_ClearFlag                          0x08000588   Section        0  stm32f10x_dma.o(i.DMA_ClearFlag)
    i.DMA_Cmd                                0x080005a4   Section        0  stm32f10x_dma.o(i.DMA_Cmd)
    i.DMA_GetFlagStatus                      0x080005bc   Section        0  stm32f10x_dma.o(i.DMA_GetFlagStatus)
    i.DMA_Init                               0x080005e8   Section        0  stm32f10x_dma.o(i.DMA_Init)
    i.DebugMon_Handler                       0x08000624   Section        0  stm32f10x_it.o(i.DebugMon_Handler)
    i.EXTI3_IRQHandler                       0x08000628   Section        0  stm32f10x_it.o(i.EXTI3_IRQHandler)
    i.EXTI_ClearITPendingBit                 0x08000684   Section        0  stm32f10x_exti.o(i.EXTI_ClearITPendingBit)
    i.EXTI_GenerateSWInterrupt               0x08000690   Section        0  stm32f10x_exti.o(i.EXTI_GenerateSWInterrupt)
    i.EXTI_GetITStatus                       0x080006a0   Section        0  stm32f10x_exti.o(i.EXTI_GetITStatus)
    i.EXTI_Init                              0x080006c8   Section        0  stm32f10x_exti.o(i.EXTI_Init)
    i.FIFO_GPIO_Config                       0x0800075c   Section        0  bsp_ov7725.o(i.FIFO_GPIO_Config)
    FIFO_GPIO_Config                         0x0800075d   Thumb Code   136  bsp_ov7725.o(i.FIFO_GPIO_Config)
    i.FSMC_NORSRAMCmd                        0x080007f4   Section        0  stm32f10x_fsmc.o(i.FSMC_NORSRAMCmd)
    i.FSMC_NORSRAMInit                       0x08000828   Section        0  stm32f10x_fsmc.o(i.FSMC_NORSRAMInit)
    i.FindSCR                                0x08000910   Section        0  bsp_sdio_sdcard.o(i.FindSCR)
    FindSCR                                  0x08000911   Thumb Code   394  bsp_sdio_sdcard.o(i.FindSCR)
    i.GPIO_Configuration                     0x08000aac   Section        0  bsp_sdio_sdcard.o(i.GPIO_Configuration)
    GPIO_Configuration                       0x08000aad   Thumb Code    70  bsp_sdio_sdcard.o(i.GPIO_Configuration)
    i.GPIO_EXTILineConfig                    0x08000afc   Section        0  stm32f10x_gpio.o(i.GPIO_EXTILineConfig)
    i.GPIO_Init                              0x08000b3c   Section        0  stm32f10x_gpio.o(i.GPIO_Init)
    i.GPIO_ReadInputDataBit                  0x08000c52   Section        0  stm32f10x_gpio.o(i.GPIO_ReadInputDataBit)
    i.GPIO_ResetBits                         0x08000c64   Section        0  stm32f10x_gpio.o(i.GPIO_ResetBits)
    i.GPIO_SetBits                           0x08000c68   Section        0  stm32f10x_gpio.o(i.GPIO_SetBits)
    i.HardFault_Handler                      0x08000c6c   Section        0  stm32f10x_it.o(i.HardFault_Handler)
    i.ILI9341_BackLed_Control                0x08000c70   Section        0  bsp_ili9341_lcd.o(i.ILI9341_BackLed_Control)
    i.ILI9341_Clear                          0x08000c94   Section        0  bsp_ili9341_lcd.o(i.ILI9341_Clear)
    i.ILI9341_Delay                          0x08000cc0   Section        0  bsp_ili9341_lcd.o(i.ILI9341_Delay)
    ILI9341_Delay                            0x08000cc1   Thumb Code    18  bsp_ili9341_lcd.o(i.ILI9341_Delay)
    i.ILI9341_DispChar_EN                    0x08000cd4   Section        0  bsp_ili9341_lcd.o(i.ILI9341_DispChar_EN)
    i.ILI9341_DispStringLine_EN              0x08000d6c   Section        0  bsp_ili9341_lcd.o(i.ILI9341_DispStringLine_EN)
    i.ILI9341_FSMC_Config                    0x08000dd4   Section        0  bsp_ili9341_lcd.o(i.ILI9341_FSMC_Config)
    ILI9341_FSMC_Config                      0x08000dd5   Thumb Code    94  bsp_ili9341_lcd.o(i.ILI9341_FSMC_Config)
    i.ILI9341_FillColor                      0x08000e32   Section        0  bsp_ili9341_lcd.o(i.ILI9341_FillColor)
    ILI9341_FillColor                        0x08000e33   Thumb Code    32  bsp_ili9341_lcd.o(i.ILI9341_FillColor)
    i.ILI9341_GPIO_Config                    0x08000e54   Section        0  bsp_ili9341_lcd.o(i.ILI9341_GPIO_Config)
    ILI9341_GPIO_Config                      0x08000e55   Thumb Code   398  bsp_ili9341_lcd.o(i.ILI9341_GPIO_Config)
    i.ILI9341_GramScan                       0x08000fec   Section        0  bsp_ili9341_lcd.o(i.ILI9341_GramScan)
    i.ILI9341_Init                           0x080010a4   Section        0  bsp_ili9341_lcd.o(i.ILI9341_Init)
    i.ILI9341_OpenWindow                     0x080010cc   Section        0  bsp_ili9341_lcd.o(i.ILI9341_OpenWindow)
    i.ILI9341_REG_Config                     0x08001124   Section        0  bsp_ili9341_lcd.o(i.ILI9341_REG_Config)
    ILI9341_REG_Config                       0x08001125   Thumb Code   556  bsp_ili9341_lcd.o(i.ILI9341_REG_Config)
    i.ILI9341_Rst                            0x08001354   Section        0  bsp_ili9341_lcd.o(i.ILI9341_Rst)
    i.ILI9341_Write_Cmd                      0x0800137c   Section        0  bsp_ili9341_lcd.o(i.ILI9341_Write_Cmd)
    i.ILI9341_Write_Data                     0x08001384   Section        0  bsp_ili9341_lcd.o(i.ILI9341_Write_Data)
    i.ImagDisp                               0x08001390   Section        0  bsp_ov7725.o(i.ImagDisp)
    i.ImagESP                                0x08001404   Section        0  bsp_ov7725.o(i.ImagESP)
    i.Key_GPIO_Config                        0x080014ac   Section        0  bsp_key.o(i.Key_GPIO_Config)
    i.Key_Scan                               0x080014ec   Section        0  bsp_key.o(i.Key_Scan)
    i.LCD_GetFont                            0x08001514   Section        0  bsp_ili9341_lcd.o(i.LCD_GetFont)
    i.LCD_SetColors                          0x08001520   Section        0  bsp_ili9341_lcd.o(i.LCD_SetColors)
    i.LCD_SetFont                            0x08001534   Section        0  bsp_ili9341_lcd.o(i.LCD_SetFont)
    i.LED_GPIO_Config                        0x08001540   Section        0  bsp_led.o(i.LED_GPIO_Config)
    i.MemManage_Handler                      0x080015a0   Section        0  stm32f10x_it.o(i.MemManage_Handler)
    i.NMI_Handler                            0x080015a4   Section        0  stm32f10x_it.o(i.NMI_Handler)
    i.NVIC_Configuration                     0x080015a6   Section        0  bsp_sdio_sdcard.o(i.NVIC_Configuration)
    NVIC_Configuration                       0x080015a7   Thumb Code    40  bsp_sdio_sdcard.o(i.NVIC_Configuration)
    i.NVIC_Init                              0x080015d0   Section        0  misc.o(i.NVIC_Init)
    i.NVIC_PriorityGroupConfig               0x08001640   Section        0  misc.o(i.NVIC_PriorityGroupConfig)
    i.OV7725_Brightness                      0x08001654   Section        0  bsp_ov7725.o(i.OV7725_Brightness)
    i.OV7725_Color_Saturation                0x080016bc   Section        0  bsp_ov7725.o(i.OV7725_Color_Saturation)
    i.OV7725_Contrast                        0x080016ea   Section        0  bsp_ov7725.o(i.OV7725_Contrast)
    i.OV7725_GPIO_Config                     0x08001712   Section        0  bsp_ov7725.o(i.OV7725_GPIO_Config)
    i.OV7725_Init                            0x08001724   Section        0  bsp_ov7725.o(i.OV7725_Init)
    i.OV7725_Light_Mode                      0x0800178c   Section        0  bsp_ov7725.o(i.OV7725_Light_Mode)
    i.OV7725_Special_Effect                  0x080018a6   Section        0  bsp_ov7725.o(i.OV7725_Special_Effect)
    i.OV7725_Window_Set                      0x0800196a   Section        0  bsp_ov7725.o(i.OV7725_Window_Set)
    i.PendSV_Handler                         0x08001a52   Section        0  stm32f10x_it.o(i.PendSV_Handler)
    i.RCC_AHBPeriphClockCmd                  0x08001a54   Section        0  stm32f10x_rcc.o(i.RCC_AHBPeriphClockCmd)
    i.RCC_APB2PeriphClockCmd                 0x08001a74   Section        0  stm32f10x_rcc.o(i.RCC_APB2PeriphClockCmd)
    i.RCC_GetClocksFreq                      0x08001a94   Section        0  stm32f10x_rcc.o(i.RCC_GetClocksFreq)
    i.SCCB_Ack                               0x08001b68   Section        0  bsp_sccb.o(i.SCCB_Ack)
    SCCB_Ack                                 0x08001b69   Thumb Code    52  bsp_sccb.o(i.SCCB_Ack)
    i.SCCB_GPIO_Config                       0x08001ba0   Section        0  bsp_sccb.o(i.SCCB_GPIO_Config)
    i.SCCB_NoAck                             0x08001be0   Section        0  bsp_sccb.o(i.SCCB_NoAck)
    SCCB_NoAck                               0x08001be1   Thumb Code    52  bsp_sccb.o(i.SCCB_NoAck)
    i.SCCB_ReadByte                          0x08001c18   Section        0  bsp_sccb.o(i.SCCB_ReadByte)
    i.SCCB_ReceiveByte                       0x08001c94   Section        0  bsp_sccb.o(i.SCCB_ReceiveByte)
    SCCB_ReceiveByte                         0x08001c95   Thumb Code    80  bsp_sccb.o(i.SCCB_ReceiveByte)
    i.SCCB_SendByte                          0x08001ce8   Section        0  bsp_sccb.o(i.SCCB_SendByte)
    SCCB_SendByte                            0x08001ce9   Thumb Code    84  bsp_sccb.o(i.SCCB_SendByte)
    i.SCCB_Start                             0x08001d40   Section        0  bsp_sccb.o(i.SCCB_Start)
    SCCB_Start                               0x08001d41   Thumb Code    78  bsp_sccb.o(i.SCCB_Start)
    i.SCCB_Stop                              0x08001d94   Section        0  bsp_sccb.o(i.SCCB_Stop)
    SCCB_Stop                                0x08001d95   Thumb Code    52  bsp_sccb.o(i.SCCB_Stop)
    i.SCCB_WaitAck                           0x08001dcc   Section        0  bsp_sccb.o(i.SCCB_WaitAck)
    SCCB_WaitAck                             0x08001dcd   Thumb Code    72  bsp_sccb.o(i.SCCB_WaitAck)
    i.SCCB_WriteByte                         0x08001e18   Section        0  bsp_sccb.o(i.SCCB_WriteByte)
    i.SCCB_delay                             0x08001e58   Section        0  bsp_sccb.o(i.SCCB_delay)
    SCCB_delay                               0x08001e59   Thumb Code    16  bsp_sccb.o(i.SCCB_delay)
    i.SDEnWideBus                            0x08001e68   Section        0  bsp_sdio_sdcard.o(i.SDEnWideBus)
    SDEnWideBus                              0x08001e69   Thumb Code   274  bsp_sdio_sdcard.o(i.SDEnWideBus)
    i.SDIO_ClearFlag                         0x08001f84   Section        0  stm32f10x_sdio.o(i.SDIO_ClearFlag)
    i.SDIO_ClearITPendingBit                 0x08001f90   Section        0  stm32f10x_sdio.o(i.SDIO_ClearITPendingBit)
    i.SDIO_ClockCmd                          0x08001f9c   Section        0  stm32f10x_sdio.o(i.SDIO_ClockCmd)
    i.SDIO_DMACmd                            0x08001fa8   Section        0  stm32f10x_sdio.o(i.SDIO_DMACmd)
    i.SDIO_DataConfig                        0x08001fb4   Section        0  stm32f10x_sdio.o(i.SDIO_DataConfig)
    i.SDIO_DeInit                            0x08001fe4   Section        0  stm32f10x_sdio.o(i.SDIO_DeInit)
    i.SDIO_GetCommandResponse                0x08002008   Section        0  stm32f10x_sdio.o(i.SDIO_GetCommandResponse)
    i.SDIO_GetFlagStatus                     0x08002014   Section        0  stm32f10x_sdio.o(i.SDIO_GetFlagStatus)
    i.SDIO_GetPowerState                     0x0800202c   Section        0  stm32f10x_sdio.o(i.SDIO_GetPowerState)
    i.SDIO_GetResponse                       0x0800203c   Section        0  stm32f10x_sdio.o(i.SDIO_GetResponse)
    i.SDIO_IRQHandler                        0x08002054   Section        0  stm32f10x_it.o(i.SDIO_IRQHandler)
    i.SDIO_ITConfig                          0x0800205c   Section        0  stm32f10x_sdio.o(i.SDIO_ITConfig)
    i.SDIO_Init                              0x0800207c   Section        0  stm32f10x_sdio.o(i.SDIO_Init)
    i.SDIO_ReadData                          0x080020ac   Section        0  stm32f10x_sdio.o(i.SDIO_ReadData)
    i.SDIO_SendCommand                       0x080020b8   Section        0  stm32f10x_sdio.o(i.SDIO_SendCommand)
    i.SDIO_SetPowerState                     0x080020e4   Section        0  stm32f10x_sdio.o(i.SDIO_SetPowerState)
    i.SD_DMAEndOfTransferStatus              0x08002100   Section        0  bsp_sdio_sdcard.o(i.SD_DMAEndOfTransferStatus)
    SD_DMAEndOfTransferStatus                0x08002101   Thumb Code    10  bsp_sdio_sdcard.o(i.SD_DMAEndOfTransferStatus)
    i.SD_DMA_RxConfig                        0x08002110   Section        0  bsp_sdio_sdcard.o(i.SD_DMA_RxConfig)
    SD_DMA_RxConfig                          0x08002111   Thumb Code    86  bsp_sdio_sdcard.o(i.SD_DMA_RxConfig)
    i.SD_DMA_TxConfig                        0x08002174   Section        0  bsp_sdio_sdcard.o(i.SD_DMA_TxConfig)
    SD_DMA_TxConfig                          0x08002175   Thumb Code    86  bsp_sdio_sdcard.o(i.SD_DMA_TxConfig)
    i.SD_EnableWideBusOperation              0x080021d8   Section        0  bsp_sdio_sdcard.o(i.SD_EnableWideBusOperation)
    i.SD_GetCardInfo                         0x0800226c   Section        0  bsp_sdio_sdcard.o(i.SD_GetCardInfo)
    i.SD_GetState                            0x08002538   Section        0  bsp_sdio_sdcard.o(i.SD_GetState)
    i.SD_GetStatus                           0x08002552   Section        0  bsp_sdio_sdcard.o(i.SD_GetStatus)
    i.SD_Init                                0x08002570   Section        0  bsp_sdio_sdcard.o(i.SD_Init)
    i.SD_InitializeCards                     0x080025e4   Section        0  bsp_sdio_sdcard.o(i.SD_InitializeCards)
    i.SD_PowerON                             0x08002720   Section        0  bsp_sdio_sdcard.o(i.SD_PowerON)
    i.SD_ProcessIRQSrc                       0x080028a8   Section        0  bsp_sdio_sdcard.o(i.SD_ProcessIRQSrc)
    i.SD_ReadMultiBlocks                     0x08002900   Section        0  bsp_sdio_sdcard.o(i.SD_ReadMultiBlocks)
    i.SD_SelectDeselect                      0x080029e8   Section        0  bsp_sdio_sdcard.o(i.SD_SelectDeselect)
    i.SD_SendStatus                          0x08002a1c   Section        0  bsp_sdio_sdcard.o(i.SD_SendStatus)
    i.SD_WaitReadOperation                   0x08002a54   Section        0  bsp_sdio_sdcard.o(i.SD_WaitReadOperation)
    i.SD_WaitWriteOperation                  0x08002a88   Section        0  bsp_sdio_sdcard.o(i.SD_WaitWriteOperation)
    i.SD_WriteMultiBlocks                    0x08002ac4   Section        0  bsp_sdio_sdcard.o(i.SD_WriteMultiBlocks)
    i.SVC_Handler                            0x08002c0c   Section        0  stm32f10x_it.o(i.SVC_Handler)
    i.SetSysClock                            0x08002c0e   Section        0  system_stm32f10x.o(i.SetSysClock)
    SetSysClock                              0x08002c0f   Thumb Code     8  system_stm32f10x.o(i.SetSysClock)
    i.SetSysClockTo72                        0x08002c18   Section        0  system_stm32f10x.o(i.SetSysClockTo72)
    SetSysClockTo72                          0x08002c19   Thumb Code   214  system_stm32f10x.o(i.SetSysClockTo72)
    i.SysTick_Handler                        0x08002cf8   Section        0  stm32f10x_it.o(i.SysTick_Handler)
    i.SysTick_Init                           0x08002d2c   Section        0  bsp_systick.o(i.SysTick_Init)
    i.SystemInit                             0x08002d94   Section        0  system_stm32f10x.o(i.SystemInit)
    i.TimeStamp_Increment                    0x08002df4   Section        0  bsp_systick.o(i.TimeStamp_Increment)
    i.TimingDelay_Decrement                  0x08002e04   Section        0  bsp_systick.o(i.TimingDelay_Decrement)
    i.USART_Cmd                              0x08002e1c   Section        0  stm32f10x_usart.o(i.USART_Cmd)
    i.USART_Config                           0x08002e34   Section        0  bsp_usart.o(i.USART_Config)
    i.USART_GetFlagStatus                    0x08002eb4   Section        0  stm32f10x_usart.o(i.USART_GetFlagStatus)
    i.USART_Init                             0x08002ed0   Section        0  stm32f10x_usart.o(i.USART_Init)
    i.USART_SendData                         0x08002fa8   Section        0  stm32f10x_usart.o(i.USART_SendData)
    i.UsageFault_Handler                     0x08002fb0   Section        0  stm32f10x_it.o(i.UsageFault_Handler)
    i.VSYNC_GPIO_Config                      0x08002fb4   Section        0  bsp_ov7725.o(i.VSYNC_GPIO_Config)
    VSYNC_GPIO_Config                        0x08002fb5   Thumb Code   118  bsp_ov7725.o(i.VSYNC_GPIO_Config)
    i.__0printf$4                            0x08003030   Section        0  printf4.o(i.__0printf$4)
    i.__scatterload_copy                     0x08003050   Section       14  handlers.o(i.__scatterload_copy)
    i.__scatterload_null                     0x0800305e   Section        2  handlers.o(i.__scatterload_null)
    i.__scatterload_zeroinit                 0x08003060   Section       14  handlers.o(i.__scatterload_zeroinit)
    i._printf_core                           0x08003070   Section        0  printf4.o(i._printf_core)
    _printf_core                             0x08003071   Thumb Code   552  printf4.o(i._printf_core)
    i.check_fs                               0x0800329c   Section        0  ff.o(i.check_fs)
    check_fs                                 0x0800329d   Thumb Code   140  ff.o(i.check_fs)
    i.disk_initialize                        0x0800332c   Section        0  diskio.o(i.disk_initialize)
    i.disk_ioctl                             0x08003358   Section        0  diskio.o(i.disk_ioctl)
    i.disk_read                              0x080033ac   Section        0  diskio.o(i.disk_read)
    i.disk_status                            0x0800345a   Section        0  diskio.o(i.disk_status)
    i.disk_write                             0x08003476   Section        0  diskio.o(i.disk_write)
    i.f_mount                                0x0800352c   Section        0  ff.o(i.f_mount)
    i.find_volume                            0x08003588   Section        0  ff.o(i.find_volume)
    find_volume                              0x08003589   Thumb Code   966  ff.o(i.find_volume)
    i.fputc                                  0x08003960   Section        0  bsp_usart.o(i.fputc)
    i.get_ldnumber                           0x08003984   Section        0  ff.o(i.get_ldnumber)
    get_ldnumber                             0x08003985   Thumb Code    74  ff.o(i.get_ldnumber)
    i.main                                   0x080039d0   Section        0  main.o(i.main)
    i.move_window                            0x08003d34   Section        0  ff.o(i.move_window)
    move_window                              0x08003d35   Thumb Code    52  ff.o(i.move_window)
    i.sync_window                            0x08003d68   Section        0  ff.o(i.sync_window)
    sync_window                              0x08003d69   Thumb Code    82  ff.o(i.sync_window)
    .constdata                               0x08003dba   Section    15200  fonts.o(.constdata)
    .data                                    0x20000000   Section       20  system_stm32f10x.o(.data)
    .data                                    0x20000014   Section       20  stm32f10x_rcc.o(.data)
    APBAHBPrescTable                         0x20000014   Data          16  stm32f10x_rcc.o(.data)
    ADCPrescTable                            0x20000024   Data           4  stm32f10x_rcc.o(.data)
    .data                                    0x20000028   Section        5  main.o(.data)
    .data                                    0x2000002e   Section      176  bsp_ov7725.o(.data)
    .data                                    0x200000e0   Section       16  bsp_ili9341_lcd.o(.data)
    LCD_Currentfonts                         0x200000e8   Data           4  bsp_ili9341_lcd.o(.data)
    CurrentTextColor                         0x200000ec   Data           2  bsp_ili9341_lcd.o(.data)
    CurrentBackColor                         0x200000ee   Data           2  bsp_ili9341_lcd.o(.data)
    .data                                    0x200000f0   Section       24  fonts.o(.data)
    .data                                    0x20000108   Section        8  bsp_systick.o(.data)
    TimingDelay                              0x20000108   Data           4  bsp_systick.o(.data)
    .data                                    0x20000110   Section       20  bsp_sdio_sdcard.o(.data)
    CardType                                 0x20000110   Data           4  bsp_sdio_sdcard.o(.data)
    RCA                                      0x20000114   Data           4  bsp_sdio_sdcard.o(.data)
    .data                                    0x20000124   Section       10  ff.o(.data)
    FatFs                                    0x20000124   Data           8  ff.o(.data)
    Fsid                                     0x2000012c   Data           2  ff.o(.data)
    .data                                    0x20000130   Section        4  stdout.o(.data)
    .bss                                     0x20000134   Section     4256  main.o(.bss)
    .bss                                     0x200011d4   Section      196  bsp_sdio_sdcard.o(.bss)
    CSD_Tab                                  0x200011d4   Data          16  bsp_sdio_sdcard.o(.bss)
    CID_Tab                                  0x200011e4   Data          16  bsp_sdio_sdcard.o(.bss)
    SDSTATUS_Tab                             0x200011f4   Data          16  bsp_sdio_sdcard.o(.bss)
    STACK                                    0x20001298   Section     4096  startup_stm32f10x_hd.o(STACK)

    Global Symbols

    Symbol Name                              Value     Ov Type        Size  Object(Section)

    BuildAttributes$$THM_ISAv4$P$D$K$B$S$PE$A:L22UL41UL21$X:L11$S22US41US21$IEEE1$IW$USESV6$~STKCKD$USESV7$~SHL$OTIME$ROPI$EBA8$MICROLIB$REQ8$PRES8$EABIv2 0x00000000   Number         0  anon$$obj.o ABSOLUTE
    __ARM_use_no_argv                        0x00000000   Number         0  main.o ABSOLUTE
    _printf_a                                0x00000000   Number         0  stubs.o ABSOLUTE
    _printf_c                                0x00000000   Number         0  stubs.o ABSOLUTE
    _printf_charcount                        0x00000000   Number         0  stubs.o ABSOLUTE
    _printf_d                                0x00000000   Number         0  stubs.o ABSOLUTE
    _printf_e                                0x00000000   Number         0  stubs.o ABSOLUTE
    _printf_f                                0x00000000   Number         0  stubs.o ABSOLUTE
    _printf_flags                            0x00000000   Number         0  stubs.o ABSOLUTE
    _printf_fp_dec                           0x00000000   Number         0  stubs.o ABSOLUTE
    _printf_fp_hex                           0x00000000   Number         0  stubs.o ABSOLUTE
    _printf_g                                0x00000000   Number         0  stubs.o ABSOLUTE
    _printf_i                                0x00000000   Number         0  stubs.o ABSOLUTE
    _printf_int_dec                          0x00000000   Number         0  stubs.o ABSOLUTE
    _printf_l                                0x00000000   Number         0  stubs.o ABSOLUTE
    _printf_lc                               0x00000000   Number         0  stubs.o ABSOLUTE
    _printf_ll                               0x00000000   Number         0  stubs.o ABSOLUTE
    _printf_lld                              0x00000000   Number         0  stubs.o ABSOLUTE
    _printf_lli                              0x00000000   Number         0  stubs.o ABSOLUTE
    _printf_llo                              0x00000000   Number         0  stubs.o ABSOLUTE
    _printf_llu                              0x00000000   Number         0  stubs.o ABSOLUTE
    _printf_llx                              0x00000000   Number         0  stubs.o ABSOLUTE
    _printf_longlong_dec                     0x00000000   Number         0  stubs.o ABSOLUTE
    _printf_longlong_hex                     0x00000000   Number         0  stubs.o ABSOLUTE
    _printf_longlong_oct                     0x00000000   Number         0  stubs.o ABSOLUTE
    _printf_ls                               0x00000000   Number         0  stubs.o ABSOLUTE
    _printf_mbtowc                           0x00000000   Number         0  stubs.o ABSOLUTE
    _printf_n                                0x00000000   Number         0  stubs.o ABSOLUTE
    _printf_o                                0x00000000   Number         0  stubs.o ABSOLUTE
    _printf_p                                0x00000000   Number         0  stubs.o ABSOLUTE
    _printf_percent                          0x00000000   Number         0  stubs.o ABSOLUTE
    _printf_pre_padding                      0x00000000   Number         0  stubs.o ABSOLUTE
    _printf_return_value                     0x00000000   Number         0  stubs.o ABSOLUTE
    _printf_s                                0x00000000   Number         0  stubs.o ABSOLUTE
    _printf_sizespec                         0x00000000   Number         0  stubs.o ABSOLUTE
    _printf_str                              0x00000000   Number         0  stubs.o ABSOLUTE
    _printf_truncate_signed                  0x00000000   Number         0  stubs.o ABSOLUTE
    _printf_truncate_unsigned                0x00000000   Number         0  stubs.o ABSOLUTE
    _printf_u                                0x00000000   Number         0  stubs.o ABSOLUTE
    _printf_wc                               0x00000000   Number         0  stubs.o ABSOLUTE
    _printf_wctomb                           0x00000000   Number         0  stubs.o ABSOLUTE
    _printf_widthprec                        0x00000000   Number         0  stubs.o ABSOLUTE
    _printf_x                                0x00000000   Number         0  stubs.o ABSOLUTE
    __cpp_initialize__aeabi_                  - Undefined Weak Reference
    __cxa_finalize                            - Undefined Weak Reference
    _clock_init                               - Undefined Weak Reference
    _microlib_exit                            - Undefined Weak Reference
    __Vectors_Size                           0x00000130   Number         0  startup_stm32f10x_hd.o ABSOLUTE
    __Vectors                                0x08000000   Data           4  startup_stm32f10x_hd.o(RESET)
    __Vectors_End                            0x08000130   Data           0  startup_stm32f10x_hd.o(RESET)
    __main                                   0x08000131   Thumb Code     0  entry.o(.ARM.Collect$$$$00000000)
    _main_stk                                0x08000131   Thumb Code     0  entry2.o(.ARM.Collect$$$$00000001)
    _main_scatterload                        0x08000135   Thumb Code     0  entry5.o(.ARM.Collect$$$$00000004)
    __main_after_scatterload                 0x08000139   Thumb Code     0  entry5.o(.ARM.Collect$$$$00000004)
    _main_clock                              0x08000139   Thumb Code     0  entry7b.o(.ARM.Collect$$$$00000008)
    _main_cpp_init                           0x08000139   Thumb Code     0  entry8b.o(.ARM.Collect$$$$0000000A)
    _main_init                               0x08000139   Thumb Code     0  entry9a.o(.ARM.Collect$$$$0000000B)
    __rt_final_cpp                           0x08000141   Thumb Code     0  entry10a.o(.ARM.Collect$$$$0000000D)
    __rt_final_exit                          0x08000141   Thumb Code     0  entry11a.o(.ARM.Collect$$$$0000000F)
    Reset_Handler                            0x08000145   Thumb Code     8  startup_stm32f10x_hd.o(.text)
    ADC1_2_IRQHandler                        0x0800015f   Thumb Code     0  startup_stm32f10x_hd.o(.text)
    ADC3_IRQHandler                          0x0800015f   Thumb Code     0  startup_stm32f10x_hd.o(.text)
    CAN1_RX1_IRQHandler                      0x0800015f   Thumb Code     0  startup_stm32f10x_hd.o(.text)
    CAN1_SCE_IRQHandler                      0x0800015f   Thumb Code     0  startup_stm32f10x_hd.o(.text)
    DMA1_Channel1_IRQHandler                 0x0800015f   Thumb Code     0  startup_stm32f10x_hd.o(.text)
    DMA1_Channel2_IRQHandler                 0x0800015f   Thumb Code     0  startup_stm32f10x_hd.o(.text)
    DMA1_Channel3_IRQHandler                 0x0800015f   Thumb Code     0  startup_stm32f10x_hd.o(.text)
    DMA1_Channel4_IRQHandler                 0x0800015f   Thumb Code     0  startup_stm32f10x_hd.o(.text)
    DMA1_Channel5_IRQHandler                 0x0800015f   Thumb Code     0  startup_stm32f10x_hd.o(.text)
    DMA1_Channel6_IRQHandler                 0x0800015f   Thumb Code     0  startup_stm32f10x_hd.o(.text)
    DMA1_Channel7_IRQHandler                 0x0800015f   Thumb Code     0  startup_stm32f10x_hd.o(.text)
    DMA2_Channel1_IRQHandler                 0x0800015f   Thumb Code     0  startup_stm32f10x_hd.o(.text)
    DMA2_Channel2_IRQHandler                 0x0800015f   Thumb Code     0  startup_stm32f10x_hd.o(.text)
    DMA2_Channel3_IRQHandler                 0x0800015f   Thumb Code     0  startup_stm32f10x_hd.o(.text)
    DMA2_Channel4_5_IRQHandler               0x0800015f   Thumb Code     0  startup_stm32f10x_hd.o(.text)
    EXTI0_IRQHandler                         0x0800015f   Thumb Code     0  startup_stm32f10x_hd.o(.text)
    EXTI15_10_IRQHandler                     0x0800015f   Thumb Code     0  startup_stm32f10x_hd.o(.text)
    EXTI1_IRQHandler                         0x0800015f   Thumb Code     0  startup_stm32f10x_hd.o(.text)
    EXTI2_IRQHandler                         0x0800015f   Thumb Code     0  startup_stm32f10x_hd.o(.text)
    EXTI4_IRQHandler                         0x0800015f   Thumb Code     0  startup_stm32f10x_hd.o(.text)
    EXTI9_5_IRQHandler                       0x0800015f   Thumb Code     0  startup_stm32f10x_hd.o(.text)
    FLASH_IRQHandler                         0x0800015f   Thumb Code     0  startup_stm32f10x_hd.o(.text)
    FSMC_IRQHandler                          0x0800015f   Thumb Code     0  startup_stm32f10x_hd.o(.text)
    I2C1_ER_IRQHandler                       0x0800015f   Thumb Code     0  startup_stm32f10x_hd.o(.text)
    I2C1_EV_IRQHandler                       0x0800015f   Thumb Code     0  startup_stm32f10x_hd.o(.text)
    I2C2_ER_IRQHandler                       0x0800015f   Thumb Code     0  startup_stm32f10x_hd.o(.text)
    I2C2_EV_IRQHandler                       0x0800015f   Thumb Code     0  startup_stm32f10x_hd.o(.text)
    PVD_IRQHandler                           0x0800015f   Thumb Code     0  startup_stm32f10x_hd.o(.text)
    RCC_IRQHandler                           0x0800015f   Thumb Code     0  startup_stm32f10x_hd.o(.text)
    RTCAlarm_IRQHandler                      0x0800015f   Thumb Code     0  startup_stm32f10x_hd.o(.text)
    RTC_IRQHandler                           0x0800015f   Thumb Code     0  startup_stm32f10x_hd.o(.text)
    SPI1_IRQHandler                          0x0800015f   Thumb Code     0  startup_stm32f10x_hd.o(.text)
    SPI2_IRQHandler                          0x0800015f   Thumb Code     0  startup_stm32f10x_hd.o(.text)
    SPI3_IRQHandler                          0x0800015f   Thumb Code     0  startup_stm32f10x_hd.o(.text)
    TAMPER_IRQHandler                        0x0800015f   Thumb Code     0  startup_stm32f10x_hd.o(.text)
    TIM1_BRK_IRQHandler                      0x0800015f   Thumb Code     0  startup_stm32f10x_hd.o(.text)
    TIM1_CC_IRQHandler                       0x0800015f   Thumb Code     0  startup_stm32f10x_hd.o(.text)
    TIM1_TRG_COM_IRQHandler                  0x0800015f   Thumb Code     0  startup_stm32f10x_hd.o(.text)
    TIM1_UP_IRQHandler                       0x0800015f   Thumb Code     0  startup_stm32f10x_hd.o(.text)
    TIM2_IRQHandler                          0x0800015f   Thumb Code     0  startup_stm32f10x_hd.o(.text)
    TIM3_IRQHandler                          0x0800015f   Thumb Code     0  startup_stm32f10x_hd.o(.text)
    TIM4_IRQHandler                          0x0800015f   Thumb Code     0  startup_stm32f10x_hd.o(.text)
    TIM5_IRQHandler                          0x0800015f   Thumb Code     0  startup_stm32f10x_hd.o(.text)
    TIM6_IRQHandler                          0x0800015f   Thumb Code     0  startup_stm32f10x_hd.o(.text)
    TIM7_IRQHandler                          0x0800015f   Thumb Code     0  startup_stm32f10x_hd.o(.text)
    TIM8_BRK_IRQHandler                      0x0800015f   Thumb Code     0  startup_stm32f10x_hd.o(.text)
    TIM8_CC_IRQHandler                       0x0800015f   Thumb Code     0  startup_stm32f10x_hd.o(.text)
    TIM8_TRG_COM_IRQHandler                  0x0800015f   Thumb Code     0  startup_stm32f10x_hd.o(.text)
    TIM8_UP_IRQHandler                       0x0800015f   Thumb Code     0  startup_stm32f10x_hd.o(.text)
    UART4_IRQHandler                         0x0800015f   Thumb Code     0  startup_stm32f10x_hd.o(.text)
    UART5_IRQHandler                         0x0800015f   Thumb Code     0  startup_stm32f10x_hd.o(.text)
    USART1_IRQHandler                        0x0800015f   Thumb Code     0  startup_stm32f10x_hd.o(.text)
    USART2_IRQHandler                        0x0800015f   Thumb Code     0  startup_stm32f10x_hd.o(.text)
    USART3_IRQHandler                        0x0800015f   Thumb Code     0  startup_stm32f10x_hd.o(.text)
    USBWakeUp_IRQHandler                     0x0800015f   Thumb Code     0  startup_stm32f10x_hd.o(.text)
    USB_HP_CAN1_TX_IRQHandler                0x0800015f   Thumb Code     0  startup_stm32f10x_hd.o(.text)
    USB_LP_CAN1_RX0_IRQHandler               0x0800015f   Thumb Code     0  startup_stm32f10x_hd.o(.text)
    WWDG_IRQHandler                          0x0800015f   Thumb Code     0  startup_stm32f10x_hd.o(.text)
    __aeabi_memcpy                           0x08000169   Thumb Code    36  memcpya.o(.text)
    __aeabi_memcpy4                          0x08000169   Thumb Code     0  memcpya.o(.text)
    __aeabi_memcpy8                          0x08000169   Thumb Code     0  memcpya.o(.text)
    __aeabi_fadd                             0x0800018d   Thumb Code   164  fadd.o(.text)
    __aeabi_fsub                             0x08000231   Thumb Code     6  fadd.o(.text)
    __aeabi_frsub                            0x08000237   Thumb Code     6  fadd.o(.text)
    __aeabi_uldivmod                         0x0800023d   Thumb Code    98  uldiv.o(.text)
    __I$use$fp                               0x0800029f   Thumb Code     0  iusefp.o(.text)
    _float_round                             0x0800029f   Thumb Code    18  fepilogue.o(.text)
    _float_epilogue                          0x080002b1   Thumb Code    92  fepilogue.o(.text)
    __scatterload                            0x0800030d   Thumb Code    28  init.o(.text)
    __scatterload_rt2                        0x0800030d   Thumb Code     0  init.o(.text)
    __aeabi_llsl                             0x08000331   Thumb Code    30  llshl.o(.text)
    _ll_shift_l                              0x08000331   Thumb Code     0  llshl.o(.text)
    __aeabi_llsr                             0x0800034f   Thumb Code    32  llushr.o(.text)
    _ll_ushift_r                             0x0800034f   Thumb Code     0  llushr.o(.text)
    __decompress                             0x0800036f   Thumb Code     0  __dczerorl2.o(.text)
    __decompress1                            0x0800036f   Thumb Code    86  __dczerorl2.o(.text)
    BusFault_Handler                         0x080003c5   Thumb Code     4  stm32f10x_it.o(i.BusFault_Handler)
    DMA_ClearFlag                            0x08000589   Thumb Code    18  stm32f10x_dma.o(i.DMA_ClearFlag)
    DMA_Cmd                                  0x080005a5   Thumb Code    24  stm32f10x_dma.o(i.DMA_Cmd)
    DMA_GetFlagStatus                        0x080005bd   Thumb Code    36  stm32f10x_dma.o(i.DMA_GetFlagStatus)
    DMA_Init                                 0x080005e9   Thumb Code    60  stm32f10x_dma.o(i.DMA_Init)
    DebugMon_Handler                         0x08000625   Thumb Code     2  stm32f10x_it.o(i.DebugMon_Handler)
    EXTI3_IRQHandler                         0x08000629   Thumb Code    78  stm32f10x_it.o(i.EXTI3_IRQHandler)
    EXTI_ClearITPendingBit                   0x08000685   Thumb Code     6  stm32f10x_exti.o(i.EXTI_ClearITPendingBit)
    EXTI_GenerateSWInterrupt                 0x08000691   Thumb Code    12  stm32f10x_exti.o(i.EXTI_GenerateSWInterrupt)
    EXTI_GetITStatus                         0x080006a1   Thumb Code    34  stm32f10x_exti.o(i.EXTI_GetITStatus)
    EXTI_Init                                0x080006c9   Thumb Code   142  stm32f10x_exti.o(i.EXTI_Init)
    FSMC_NORSRAMCmd                          0x080007f5   Thumb Code    46  stm32f10x_fsmc.o(i.FSMC_NORSRAMCmd)
    FSMC_NORSRAMInit                         0x08000829   Thumb Code   230  stm32f10x_fsmc.o(i.FSMC_NORSRAMInit)
    GPIO_EXTILineConfig                      0x08000afd   Thumb Code    60  stm32f10x_gpio.o(i.GPIO_EXTILineConfig)
    GPIO_Init                                0x08000b3d   Thumb Code   278  stm32f10x_gpio.o(i.GPIO_Init)
    GPIO_ReadInputDataBit                    0x08000c53   Thumb Code    18  stm32f10x_gpio.o(i.GPIO_ReadInputDataBit)
    GPIO_ResetBits                           0x08000c65   Thumb Code     4  stm32f10x_gpio.o(i.GPIO_ResetBits)
    GPIO_SetBits                             0x08000c69   Thumb Code     4  stm32f10x_gpio.o(i.GPIO_SetBits)
    HardFault_Handler                        0x08000c6d   Thumb Code     4  stm32f10x_it.o(i.HardFault_Handler)
    ILI9341_BackLed_Control                  0x08000c71   Thumb Code    30  bsp_ili9341_lcd.o(i.ILI9341_BackLed_Control)
    ILI9341_Clear                            0x08000c95   Thumb Code    40  bsp_ili9341_lcd.o(i.ILI9341_Clear)
    ILI9341_DispChar_EN                      0x08000cd5   Thumb Code   138  bsp_ili9341_lcd.o(i.ILI9341_DispChar_EN)
    ILI9341_DispStringLine_EN                0x08000d6d   Thumb Code    92  bsp_ili9341_lcd.o(i.ILI9341_DispStringLine_EN)
    ILI9341_GramScan                         0x08000fed   Thumb Code   172  bsp_ili9341_lcd.o(i.ILI9341_GramScan)
    ILI9341_Init                             0x080010a5   Thumb Code    34  bsp_ili9341_lcd.o(i.ILI9341_Init)
    ILI9341_OpenWindow                       0x080010cd   Thumb Code    88  bsp_ili9341_lcd.o(i.ILI9341_OpenWindow)
    ILI9341_Rst                              0x08001355   Thumb Code    36  bsp_ili9341_lcd.o(i.ILI9341_Rst)
    ILI9341_Write_Cmd                        0x0800137d   Thumb Code     8  bsp_ili9341_lcd.o(i.ILI9341_Write_Cmd)
    ILI9341_Write_Data                       0x08001385   Thumb Code     6  bsp_ili9341_lcd.o(i.ILI9341_Write_Data)
    ImagDisp                                 0x08001391   Thumb Code   108  bsp_ov7725.o(i.ImagDisp)
    ImagESP                                  0x08001405   Thumb Code   154  bsp_ov7725.o(i.ImagESP)
    Key_GPIO_Config                          0x080014ad   Thumb Code    54  bsp_key.o(i.Key_GPIO_Config)
    Key_Scan                                 0x080014ed   Thumb Code    40  bsp_key.o(i.Key_Scan)
    LCD_GetFont                              0x08001515   Thumb Code     6  bsp_ili9341_lcd.o(i.LCD_GetFont)
    LCD_SetColors                            0x08001521   Thumb Code    10  bsp_ili9341_lcd.o(i.LCD_SetColors)
    LCD_SetFont                              0x08001535   Thumb Code     6  bsp_ili9341_lcd.o(i.LCD_SetFont)
    LED_GPIO_Config                          0x08001541   Thumb Code    90  bsp_led.o(i.LED_GPIO_Config)
    MemManage_Handler                        0x080015a1   Thumb Code     4  stm32f10x_it.o(i.MemManage_Handler)
    NMI_Handler                              0x080015a5   Thumb Code     2  stm32f10x_it.o(i.NMI_Handler)
    NVIC_Init                                0x080015d1   Thumb Code   100  misc.o(i.NVIC_Init)
    NVIC_PriorityGroupConfig                 0x08001641   Thumb Code    10  misc.o(i.NVIC_PriorityGroupConfig)
    OV7725_Brightness                        0x08001655   Thumb Code   104  bsp_ov7725.o(i.OV7725_Brightness)
    OV7725_Color_Saturation                  0x080016bd   Thumb Code    46  bsp_ov7725.o(i.OV7725_Color_Saturation)
    OV7725_Contrast                          0x080016eb   Thumb Code    40  bsp_ov7725.o(i.OV7725_Contrast)
    OV7725_GPIO_Config                       0x08001713   Thumb Code    16  bsp_ov7725.o(i.OV7725_GPIO_Config)
    OV7725_Init                              0x08001725   Thumb Code    96  bsp_ov7725.o(i.OV7725_Init)
    OV7725_Light_Mode                        0x0800178d   Thumb Code   282  bsp_ov7725.o(i.OV7725_Light_Mode)
    OV7725_Special_Effect                    0x080018a7   Thumb Code   196  bsp_ov7725.o(i.OV7725_Special_Effect)
    OV7725_Window_Set                        0x0800196b   Thumb Code   232  bsp_ov7725.o(i.OV7725_Window_Set)
    PendSV_Handler                           0x08001a53   Thumb Code     2  stm32f10x_it.o(i.PendSV_Handler)
    RCC_AHBPeriphClockCmd                    0x08001a55   Thumb Code    26  stm32f10x_rcc.o(i.RCC_AHBPeriphClockCmd)
    RCC_APB2PeriphClockCmd                   0x08001a75   Thumb Code    26  stm32f10x_rcc.o(i.RCC_APB2PeriphClockCmd)
    RCC_GetClocksFreq                        0x08001a95   Thumb Code   192  stm32f10x_rcc.o(i.RCC_GetClocksFreq)
    SCCB_GPIO_Config                         0x08001ba1   Thumb Code    60  bsp_sccb.o(i.SCCB_GPIO_Config)
    SCCB_ReadByte                            0x08001c19   Thumb Code   122  bsp_sccb.o(i.SCCB_ReadByte)
    SCCB_WriteByte                           0x08001e19   Thumb Code    64  bsp_sccb.o(i.SCCB_WriteByte)
    SDIO_ClearFlag                           0x08001f85   Thumb Code     6  stm32f10x_sdio.o(i.SDIO_ClearFlag)
    SDIO_ClearITPendingBit                   0x08001f91   Thumb Code     6  stm32f10x_sdio.o(i.SDIO_ClearITPendingBit)
    SDIO_ClockCmd                            0x08001f9d   Thumb Code     6  stm32f10x_sdio.o(i.SDIO_ClockCmd)
    SDIO_DMACmd                              0x08001fa9   Thumb Code     6  stm32f10x_sdio.o(i.SDIO_DMACmd)
    SDIO_DataConfig                          0x08001fb5   Thumb Code    42  stm32f10x_sdio.o(i.SDIO_DataConfig)
    SDIO_DeInit                              0x08001fe5   Thumb Code    28  stm32f10x_sdio.o(i.SDIO_DeInit)
    SDIO_GetCommandResponse                  0x08002009   Thumb Code     8  stm32f10x_sdio.o(i.SDIO_GetCommandResponse)
    SDIO_GetFlagStatus                       0x08002015   Thumb Code    20  stm32f10x_sdio.o(i.SDIO_GetFlagStatus)
    SDIO_GetPowerState                       0x0800202d   Thumb Code    10  stm32f10x_sdio.o(i.SDIO_GetPowerState)
    SDIO_GetResponse                         0x0800203d   Thumb Code    20  stm32f10x_sdio.o(i.SDIO_GetResponse)
    SDIO_IRQHandler                          0x08002055   Thumb Code     8  stm32f10x_it.o(i.SDIO_IRQHandler)
    SDIO_ITConfig                            0x0800205d   Thumb Code    26  stm32f10x_sdio.o(i.SDIO_ITConfig)
    SDIO_Init                                0x0800207d   Thumb Code    42  stm32f10x_sdio.o(i.SDIO_Init)
    SDIO_ReadData                            0x080020ad   Thumb Code     6  stm32f10x_sdio.o(i.SDIO_ReadData)
    SDIO_SendCommand                         0x080020b9   Thumb Code    38  stm32f10x_sdio.o(i.SDIO_SendCommand)
    SDIO_SetPowerState                       0x080020e5   Thumb Code    22  stm32f10x_sdio.o(i.SDIO_SetPowerState)
    SD_EnableWideBusOperation                0x080021d9   Thumb Code   140  bsp_sdio_sdcard.o(i.SD_EnableWideBusOperation)
    SD_GetCardInfo                           0x0800226d   Thumb Code   700  bsp_sdio_sdcard.o(i.SD_GetCardInfo)
    SD_GetState                              0x08002539   Thumb Code    26  bsp_sdio_sdcard.o(i.SD_GetState)
    SD_GetStatus                             0x08002553   Thumb Code    30  bsp_sdio_sdcard.o(i.SD_GetStatus)
    SD_Init                                  0x08002571   Thumb Code   106  bsp_sdio_sdcard.o(i.SD_Init)
    SD_InitializeCards                       0x080025e5   Thumb Code   294  bsp_sdio_sdcard.o(i.SD_InitializeCards)
    SD_PowerON                               0x08002721   Thumb Code   374  bsp_sdio_sdcard.o(i.SD_PowerON)
    SD_ProcessIRQSrc                         0x080028a9   Thumb Code    70  bsp_sdio_sdcard.o(i.SD_ProcessIRQSrc)
    SD_ReadMultiBlocks                       0x08002901   Thumb Code   202  bsp_sdio_sdcard.o(i.SD_ReadMultiBlocks)
    SD_SelectDeselect                        0x080029e9   Thumb Code    48  bsp_sdio_sdcard.o(i.SD_SelectDeselect)
    SD_SendStatus                            0x08002a1d   Thumb Code    46  bsp_sdio_sdcard.o(i.SD_SendStatus)
    SD_WaitReadOperation                     0x08002a55   Thumb Code    42  bsp_sdio_sdcard.o(i.SD_WaitReadOperation)
    SD_WaitWriteOperation                    0x08002a89   Thumb Code    50  bsp_sdio_sdcard.o(i.SD_WaitWriteOperation)
    SD_WriteMultiBlocks                      0x08002ac5   Thumb Code   294  bsp_sdio_sdcard.o(i.SD_WriteMultiBlocks)
    SVC_Handler                              0x08002c0d   Thumb Code     2  stm32f10x_it.o(i.SVC_Handler)
    SysTick_Handler                          0x08002cf9   Thumb Code    46  stm32f10x_it.o(i.SysTick_Handler)
    SysTick_Init                             0x08002d2d   Thumb Code    92  bsp_systick.o(i.SysTick_Init)
    SystemInit                               0x08002d95   Thumb Code    78  system_stm32f10x.o(i.SystemInit)
    TimeStamp_Increment                      0x08002df5   Thumb Code    12  bsp_systick.o(i.TimeStamp_Increment)
    TimingDelay_Decrement                    0x08002e05   Thumb Code    18  bsp_systick.o(i.TimingDelay_Decrement)
    USART_Cmd                                0x08002e1d   Thumb Code    24  stm32f10x_usart.o(i.USART_Cmd)
    USART_Config                             0x08002e35   Thumb Code   120  bsp_usart.o(i.USART_Config)
    USART_GetFlagStatus                      0x08002eb5   Thumb Code    26  stm32f10x_usart.o(i.USART_GetFlagStatus)
    USART_Init                               0x08002ed1   Thumb Code   210  stm32f10x_usart.o(i.USART_Init)
    USART_SendData                           0x08002fa9   Thumb Code     8  stm32f10x_usart.o(i.USART_SendData)
    UsageFault_Handler                       0x08002fb1   Thumb Code     4  stm32f10x_it.o(i.UsageFault_Handler)
    __0printf$4                              0x08003031   Thumb Code    22  printf4.o(i.__0printf$4)
    __1printf$4                              0x08003031   Thumb Code     0  printf4.o(i.__0printf$4)
    __2printf                                0x08003031   Thumb Code     0  printf4.o(i.__0printf$4)
    __scatterload_copy                       0x08003051   Thumb Code    14  handlers.o(i.__scatterload_copy)
    __scatterload_null                       0x0800305f   Thumb Code     2  handlers.o(i.__scatterload_null)
    __scatterload_zeroinit                   0x08003061   Thumb Code    14  handlers.o(i.__scatterload_zeroinit)
    disk_initialize                          0x0800332d   Thumb Code    42  diskio.o(i.disk_initialize)
    disk_ioctl                               0x08003359   Thumb Code    78  diskio.o(i.disk_ioctl)
    disk_read                                0x080033ad   Thumb Code   174  diskio.o(i.disk_read)
    disk_status                              0x0800345b   Thumb Code    28  diskio.o(i.disk_status)
    disk_write                               0x08003477   Thumb Code   180  diskio.o(i.disk_write)
    f_mount                                  0x0800352d   Thumb Code    86  ff.o(i.f_mount)
    fputc                                    0x08003961   Thumb Code    32  bsp_usart.o(i.fputc)
    main                                     0x080039d1   Thumb Code   608  main.o(i.main)
    ASCII8x16_Table                          0x08003dba   Data        1520  fonts.o(.constdata)
    ASCII16x24_Table                         0x080043aa   Data        4560  fonts.o(.constdata)
    ASCII24x32_Table                         0x0800557a   Data        9120  fonts.o(.constdata)
    Region$$Table$$Base                      0x0800791c   Number         0  anon$$obj.o(Region$$Table)
    Region$$Table$$Limit                     0x0800793c   Number         0  anon$$obj.o(Region$$Table)
    SystemCoreClock                          0x20000000   Data           4  system_stm32f10x.o(.data)
    AHBPrescTable                            0x20000004   Data          16  system_stm32f10x.o(.data)
    bufferIndex                              0x20000028   Data           4  main.o(.data)
    res_sd                                   0x2000002c   Data           1  main.o(.data)
    cam_mode                                 0x2000002e   Data          20  bsp_ov7725.o(.data)
    Sensor_Config                            0x20000042   Data         154  bsp_ov7725.o(.data)
    OV7725_REG_NUM                           0x200000dc   Data           1  bsp_ov7725.o(.data)
    Ov7725_vsync                             0x200000dd   Data           1  bsp_ov7725.o(.data)
    LCD_X_LENGTH                             0x200000e0   Data           2  bsp_ili9341_lcd.o(.data)
    LCD_Y_LENGTH                             0x200000e2   Data           2  bsp_ili9341_lcd.o(.data)
    LCD_SCAN_MODE                            0x200000e4   Data           1  bsp_ili9341_lcd.o(.data)
    Font8x16                                 0x200000f0   Data           8  fonts.o(.data)
    Font16x24                                0x200000f8   Data           8  fonts.o(.data)
    Font24x32                                0x20000100   Data           8  fonts.o(.data)
    g_ul_ms_ticks                            0x2000010c   Data           4  bsp_systick.o(.data)
    StopCondition                            0x20000118   Data           4  bsp_sdio_sdcard.o(.data)
    TransferError                            0x2000011c   Data           1  bsp_sdio_sdcard.o(.data)
    TransferEnd                              0x20000120   Data           4  bsp_sdio_sdcard.o(.data)
    __stdout                                 0x20000130   Data           4  stdout.o(.data)
    Task_Delay                               0x20000134   Data          12  main.o(.bss)
    usartBuffer                              0x20000140   Data         100  main.o(.bss)
    fs                                       0x200001a4   Data        4144  main.o(.bss)
    SDCardInfo                               0x20001204   Data          80  bsp_sdio_sdcard.o(.bss)
    SDIO_InitStructure                       0x20001254   Data          24  bsp_sdio_sdcard.o(.bss)
    SDIO_CmdInitStructure                    0x2000126c   Data          20  bsp_sdio_sdcard.o(.bss)
    SDIO_DataInitStructure                   0x20001280   Data          24  bsp_sdio_sdcard.o(.bss)
    __initial_sp                             0x20002298   Data           0  startup_stm32f10x_hd.o(STACK)



==============================================================================

Memory Map of the image

  Image Entry point : 0x08000131

  Load Region LR_IROM1 (Base: 0x08000000, Size: 0x00007a70, Max: 0x00080000, ABSOLUTE, COMPRESSED[0x00007a20])

    Execution Region ER_IROM1 (Base: 0x08000000, Size: 0x0000793c, Max: 0x00080000, ABSOLUTE)

    Base Addr    Size         Type   Attr      Idx    E Section Name        Object

    0x08000000   0x00000130   Data   RO            3    RESET               startup_stm32f10x_hd.o
    0x08000130   0x00000000   Code   RO         4410  * .ARM.Collect$$$$00000000  mc_w.l(entry.o)
    0x08000130   0x00000004   Code   RO         4680    .ARM.Collect$$$$00000001  mc_w.l(entry2.o)
    0x08000134   0x00000004   Code   RO         4683    .ARM.Collect$$$$00000004  mc_w.l(entry5.o)
    0x08000138   0x00000000   Code   RO         4685    .ARM.Collect$$$$00000008  mc_w.l(entry7b.o)
    0x08000138   0x00000000   Code   RO         4687    .ARM.Collect$$$$0000000A  mc_w.l(entry8b.o)
    0x08000138   0x00000008   Code   RO         4688    .ARM.Collect$$$$0000000B  mc_w.l(entry9a.o)
    0x08000140   0x00000000   Code   RO         4690    .ARM.Collect$$$$0000000D  mc_w.l(entry10a.o)
    0x08000140   0x00000000   Code   RO         4692    .ARM.Collect$$$$0000000F  mc_w.l(entry11a.o)
    0x08000140   0x00000004   Code   RO         4681    .ARM.Collect$$$$00002712  mc_w.l(entry2.o)
    0x08000144   0x00000024   Code   RO            4    .text               startup_stm32f10x_hd.o
    0x08000168   0x00000024   Code   RO         4413    .text               mc_w.l(memcpya.o)
    0x0800018c   0x000000b0   Code   RO         4678    .text               mf_w.l(fadd.o)
    0x0800023c   0x00000062   Code   RO         4697    .text               mc_w.l(uldiv.o)
    0x0800029e   0x00000000   Code   RO         4699    .text               mc_w.l(iusefp.o)
    0x0800029e   0x0000006e   Code   RO         4700    .text               mf_w.l(fepilogue.o)
    0x0800030c   0x00000024   Code   RO         4712    .text               mc_w.l(init.o)
    0x08000330   0x0000001e   Code   RO         4714    .text               mc_w.l(llshl.o)
    0x0800034e   0x00000020   Code   RO         4716    .text               mc_w.l(llushr.o)
    0x0800036e   0x00000056   Code   RO         4730    .text               mc_w.l(__dczerorl2.o)
    0x080003c4   0x00000004   Code   RO         3195    i.BusFault_Handler  stm32f10x_it.o
    0x080003c8   0x0000002c   Code   RO         3729    i.CmdError          bsp_sdio_sdcard.o
    0x080003f4   0x00000028   Code   RO         3730    i.CmdResp1Error     bsp_sdio_sdcard.o
    0x0800041c   0x0000004c   Code   RO         3731    i.CmdResp2Error     bsp_sdio_sdcard.o
    0x08000468   0x00000038   Code   RO         3732    i.CmdResp3Error     bsp_sdio_sdcard.o
    0x080004a0   0x0000009c   Code   RO         3733    i.CmdResp6Error     bsp_sdio_sdcard.o
    0x0800053c   0x0000004c   Code   RO         3734    i.CmdResp7Error     bsp_sdio_sdcard.o
    0x08000588   0x0000001c   Code   RO          866    i.DMA_ClearFlag     stm32f10x_dma.o
    0x080005a4   0x00000018   Code   RO          868    i.DMA_Cmd           stm32f10x_dma.o
    0x080005bc   0x0000002c   Code   RO          871    i.DMA_GetFlagStatus  stm32f10x_dma.o
    0x080005e8   0x0000003c   Code   RO          874    i.DMA_Init          stm32f10x_dma.o
    0x08000624   0x00000002   Code   RO         3196    i.DebugMon_Handler  stm32f10x_it.o
    0x08000626   0x00000002   PAD
    0x08000628   0x0000005c   Code   RO         3197    i.EXTI3_IRQHandler  stm32f10x_it.o
    0x08000684   0x0000000c   Code   RO          939    i.EXTI_ClearITPendingBit  stm32f10x_exti.o
    0x08000690   0x00000010   Code   RO          941    i.EXTI_GenerateSWInterrupt  stm32f10x_exti.o
    0x080006a0   0x00000028   Code   RO          943    i.EXTI_GetITStatus  stm32f10x_exti.o
    0x080006c8   0x00000094   Code   RO          944    i.EXTI_Init         stm32f10x_exti.o
    0x0800075c   0x00000098   Code   RO         3274    i.FIFO_GPIO_Config  bsp_ov7725.o
    0x080007f4   0x00000034   Code   RO         1177    i.FSMC_NORSRAMCmd   stm32f10x_fsmc.o
    0x08000828   0x000000e6   Code   RO         1179    i.FSMC_NORSRAMInit  stm32f10x_fsmc.o
    0x0800090e   0x00000002   PAD
    0x08000910   0x0000019c   Code   RO         3735    i.FindSCR           bsp_sdio_sdcard.o
    0x08000aac   0x00000050   Code   RO         3736    i.GPIO_Configuration  bsp_sdio_sdcard.o
    0x08000afc   0x00000040   Code   RO         1289    i.GPIO_EXTILineConfig  stm32f10x_gpio.o
    0x08000b3c   0x00000116   Code   RO         1292    i.GPIO_Init         stm32f10x_gpio.o
    0x08000c52   0x00000012   Code   RO         1296    i.GPIO_ReadInputDataBit  stm32f10x_gpio.o
    0x08000c64   0x00000004   Code   RO         1299    i.GPIO_ResetBits    stm32f10x_gpio.o
    0x08000c68   0x00000004   Code   RO         1300    i.GPIO_SetBits      stm32f10x_gpio.o
    0x08000c6c   0x00000004   Code   RO         3198    i.HardFault_Handler  stm32f10x_it.o
    0x08000c70   0x00000024   Code   RO         3426    i.ILI9341_BackLed_Control  bsp_ili9341_lcd.o
    0x08000c94   0x0000002c   Code   RO         3427    i.ILI9341_Clear     bsp_ili9341_lcd.o
    0x08000cc0   0x00000012   Code   RO         3428    i.ILI9341_Delay     bsp_ili9341_lcd.o
    0x08000cd2   0x00000002   PAD
    0x08000cd4   0x00000098   Code   RO         3429    i.ILI9341_DispChar_EN  bsp_ili9341_lcd.o
    0x08000d6c   0x00000068   Code   RO         3430    i.ILI9341_DispStringLine_EN  bsp_ili9341_lcd.o
    0x08000dd4   0x0000005e   Code   RO         3436    i.ILI9341_FSMC_Config  bsp_ili9341_lcd.o
    0x08000e32   0x00000020   Code   RO         3437    i.ILI9341_FillColor  bsp_ili9341_lcd.o
    0x08000e52   0x00000002   PAD
    0x08000e54   0x00000198   Code   RO         3438    i.ILI9341_GPIO_Config  bsp_ili9341_lcd.o
    0x08000fec   0x000000b8   Code   RO         3440    i.ILI9341_GramScan  bsp_ili9341_lcd.o
    0x080010a4   0x00000028   Code   RO         3441    i.ILI9341_Init      bsp_ili9341_lcd.o
    0x080010cc   0x00000058   Code   RO         3442    i.ILI9341_OpenWindow  bsp_ili9341_lcd.o
    0x08001124   0x00000230   Code   RO         3443    i.ILI9341_REG_Config  bsp_ili9341_lcd.o
    0x08001354   0x00000028   Code   RO         3446    i.ILI9341_Rst       bsp_ili9341_lcd.o
    0x0800137c   0x00000008   Code   RO         3449    i.ILI9341_Write_Cmd  bsp_ili9341_lcd.o
    0x08001384   0x0000000c   Code   RO         3450    i.ILI9341_Write_Data  bsp_ili9341_lcd.o
    0x08001390   0x00000074   Code   RO         3275    i.ImagDisp          bsp_ov7725.o
    0x08001404   0x000000a8   Code   RO         3276    i.ImagESP           bsp_ov7725.o
    0x080014ac   0x00000040   Code   RO         3672    i.Key_GPIO_Config   bsp_key.o
    0x080014ec   0x00000028   Code   RO         3673    i.Key_Scan          bsp_key.o
    0x08001514   0x0000000c   Code   RO         3453    i.LCD_GetFont       bsp_ili9341_lcd.o
    0x08001520   0x00000014   Code   RO         3455    i.LCD_SetColors     bsp_ili9341_lcd.o
    0x08001534   0x0000000c   Code   RO         3456    i.LCD_SetFont       bsp_ili9341_lcd.o
    0x08001540   0x00000060   Code   RO         3636    i.LED_GPIO_Config   bsp_led.o
    0x080015a0   0x00000004   Code   RO         3199    i.MemManage_Handler  stm32f10x_it.o
    0x080015a4   0x00000002   Code   RO         3200    i.NMI_Handler       stm32f10x_it.o
    0x080015a6   0x00000028   Code   RO         3738    i.NVIC_Configuration  bsp_sdio_sdcard.o
    0x080015ce   0x00000002   PAD
    0x080015d0   0x00000070   Code   RO          137    i.NVIC_Init         misc.o
    0x08001640   0x00000014   Code   RO          138    i.NVIC_PriorityGroupConfig  misc.o
    0x08001654   0x00000068   Code   RO         3277    i.OV7725_Brightness  bsp_ov7725.o
    0x080016bc   0x0000002e   Code   RO         3278    i.OV7725_Color_Saturation  bsp_ov7725.o
    0x080016ea   0x00000028   Code   RO         3279    i.OV7725_Contrast   bsp_ov7725.o
    0x08001712   0x00000010   Code   RO         3280    i.OV7725_GPIO_Config  bsp_ov7725.o
    0x08001722   0x00000002   PAD
    0x08001724   0x00000068   Code   RO         3281    i.OV7725_Init       bsp_ov7725.o
    0x0800178c   0x0000011a   Code   RO         3282    i.OV7725_Light_Mode  bsp_ov7725.o
    0x080018a6   0x000000c4   Code   RO         3283    i.OV7725_Special_Effect  bsp_ov7725.o
    0x0800196a   0x000000e8   Code   RO         3284    i.OV7725_Window_Set  bsp_ov7725.o
    0x08001a52   0x00000002   Code   RO         3201    i.PendSV_Handler    stm32f10x_it.o
    0x08001a54   0x00000020   Code   RO         1707    i.RCC_AHBPeriphClockCmd  stm32f10x_rcc.o
    0x08001a74   0x00000020   Code   RO         1710    i.RCC_APB2PeriphClockCmd  stm32f10x_rcc.o
    0x08001a94   0x000000d4   Code   RO         1718    i.RCC_GetClocksFreq  stm32f10x_rcc.o
    0x08001b68   0x00000038   Code   RO         3362    i.SCCB_Ack          bsp_sccb.o
    0x08001ba0   0x00000040   Code   RO         3363    i.SCCB_GPIO_Config  bsp_sccb.o
    0x08001be0   0x00000038   Code   RO         3364    i.SCCB_NoAck        bsp_sccb.o
    0x08001c18   0x0000007a   Code   RO         3365    i.SCCB_ReadByte     bsp_sccb.o
    0x08001c92   0x00000002   PAD
    0x08001c94   0x00000054   Code   RO         3366    i.SCCB_ReceiveByte  bsp_sccb.o
    0x08001ce8   0x00000058   Code   RO         3367    i.SCCB_SendByte     bsp_sccb.o
    0x08001d40   0x00000054   Code   RO         3368    i.SCCB_Start        bsp_sccb.o
    0x08001d94   0x00000038   Code   RO         3369    i.SCCB_Stop         bsp_sccb.o
    0x08001dcc   0x0000004c   Code   RO         3370    i.SCCB_WaitAck      bsp_sccb.o
    0x08001e18   0x00000040   Code   RO         3371    i.SCCB_WriteByte    bsp_sccb.o
    0x08001e58   0x00000010   Code   RO         3372    i.SCCB_delay        bsp_sccb.o
    0x08001e68   0x0000011c   Code   RO         3739    i.SDEnWideBus       bsp_sdio_sdcard.o
    0x08001f84   0x0000000c   Code   RO         1997    i.SDIO_ClearFlag    stm32f10x_sdio.o
    0x08001f90   0x0000000c   Code   RO         1998    i.SDIO_ClearITPendingBit  stm32f10x_sdio.o
    0x08001f9c   0x0000000c   Code   RO         1999    i.SDIO_ClockCmd     stm32f10x_sdio.o
    0x08001fa8   0x0000000c   Code   RO         2002    i.SDIO_DMACmd       stm32f10x_sdio.o
    0x08001fb4   0x00000030   Code   RO         2003    i.SDIO_DataConfig   stm32f10x_sdio.o
    0x08001fe4   0x00000024   Code   RO         2005    i.SDIO_DeInit       stm32f10x_sdio.o
    0x08002008   0x0000000c   Code   RO         2006    i.SDIO_GetCommandResponse  stm32f10x_sdio.o
    0x08002014   0x00000018   Code   RO         2009    i.SDIO_GetFlagStatus  stm32f10x_sdio.o
    0x0800202c   0x00000010   Code   RO         2011    i.SDIO_GetPowerState  stm32f10x_sdio.o
    0x0800203c   0x00000018   Code   RO         2012    i.SDIO_GetResponse  stm32f10x_sdio.o
    0x08002054   0x00000008   Code   RO         3202    i.SDIO_IRQHandler   stm32f10x_it.o
    0x0800205c   0x00000020   Code   RO         2013    i.SDIO_ITConfig     stm32f10x_sdio.o
    0x0800207c   0x00000030   Code   RO         2014    i.SDIO_Init         stm32f10x_sdio.o
    0x080020ac   0x0000000c   Code   RO         2015    i.SDIO_ReadData     stm32f10x_sdio.o
    0x080020b8   0x0000002c   Code   RO         2017    i.SDIO_SendCommand  stm32f10x_sdio.o
    0x080020e4   0x0000001c   Code   RO         2019    i.SDIO_SetPowerState  stm32f10x_sdio.o
    0x08002100   0x00000010   Code   RO         3740    i.SD_DMAEndOfTransferStatus  bsp_sdio_sdcard.o
    0x08002110   0x00000064   Code   RO         3741    i.SD_DMA_RxConfig   bsp_sdio_sdcard.o
    0x08002174   0x00000064   Code   RO         3742    i.SD_DMA_TxConfig   bsp_sdio_sdcard.o
    0x080021d8   0x00000094   Code   RO         3744    i.SD_EnableWideBusOperation  bsp_sdio_sdcard.o
    0x0800226c   0x000002cc   Code   RO         3746    i.SD_GetCardInfo    bsp_sdio_sdcard.o
    0x08002538   0x0000001a   Code   RO         3748    i.SD_GetState       bsp_sdio_sdcard.o
    0x08002552   0x0000001e   Code   RO         3749    i.SD_GetStatus      bsp_sdio_sdcard.o
    0x08002570   0x00000074   Code   RO         3751    i.SD_Init           bsp_sdio_sdcard.o
    0x080025e4   0x0000013c   Code   RO         3752    i.SD_InitializeCards  bsp_sdio_sdcard.o
    0x08002720   0x00000188   Code   RO         3754    i.SD_PowerON        bsp_sdio_sdcard.o
    0x080028a8   0x00000058   Code   RO         3755    i.SD_ProcessIRQSrc  bsp_sdio_sdcard.o
    0x08002900   0x000000e8   Code   RO         3757    i.SD_ReadMultiBlocks  bsp_sdio_sdcard.o
    0x080029e8   0x00000034   Code   RO         3758    i.SD_SelectDeselect  bsp_sdio_sdcard.o
    0x08002a1c   0x00000038   Code   RO         3760    i.SD_SendStatus     bsp_sdio_sdcard.o
    0x08002a54   0x00000034   Code   RO         3762    i.SD_WaitReadOperation  bsp_sdio_sdcard.o
    0x08002a88   0x0000003c   Code   RO         3763    i.SD_WaitWriteOperation  bsp_sdio_sdcard.o
    0x08002ac4   0x00000148   Code   RO         3765    i.SD_WriteMultiBlocks  bsp_sdio_sdcard.o
    0x08002c0c   0x00000002   Code   RO         3203    i.SVC_Handler       stm32f10x_it.o
    0x08002c0e   0x00000008   Code   RO           24    i.SetSysClock       system_stm32f10x.o
    0x08002c16   0x00000002   PAD
    0x08002c18   0x000000e0   Code   RO           25    i.SetSysClockTo72   system_stm32f10x.o
    0x08002cf8   0x00000034   Code   RO         3204    i.SysTick_Handler   stm32f10x_it.o
    0x08002d2c   0x00000068   Code   RO         3690    i.SysTick_Init      bsp_systick.o
    0x08002d94   0x00000060   Code   RO           27    i.SystemInit        system_stm32f10x.o
    0x08002df4   0x00000010   Code   RO         3691    i.TimeStamp_Increment  bsp_systick.o
    0x08002e04   0x00000018   Code   RO         3692    i.TimingDelay_Decrement  bsp_systick.o
    0x08002e1c   0x00000018   Code   RO         2878    i.USART_Cmd         stm32f10x_usart.o
    0x08002e34   0x00000080   Code   RO         3648    i.USART_Config      bsp_usart.o
    0x08002eb4   0x0000001a   Code   RO         2881    i.USART_GetFlagStatus  stm32f10x_usart.o
    0x08002ece   0x00000002   PAD
    0x08002ed0   0x000000d8   Code   RO         2885    i.USART_Init        stm32f10x_usart.o
    0x08002fa8   0x00000008   Code   RO         2895    i.USART_SendData    stm32f10x_usart.o
    0x08002fb0   0x00000004   Code   RO         3205    i.UsageFault_Handler  stm32f10x_it.o
    0x08002fb4   0x0000007c   Code   RO         3286    i.VSYNC_GPIO_Config  bsp_ov7725.o
    0x08003030   0x00000020   Code   RO         4528    i.__0printf$4       mc_w.l(printf4.o)
    0x08003050   0x0000000e   Code   RO         4724    i.__scatterload_copy  mc_w.l(handlers.o)
    0x0800305e   0x00000002   Code   RO         4725    i.__scatterload_null  mc_w.l(handlers.o)
    0x08003060   0x0000000e   Code   RO         4726    i.__scatterload_zeroinit  mc_w.l(handlers.o)
    0x0800306e   0x00000002   PAD
    0x08003070   0x0000022c   Code   RO         4535    i._printf_core      mc_w.l(printf4.o)
    0x0800329c   0x00000090   Code   RO         4043    i.check_fs          ff.o
    0x0800332c   0x0000002a   Code   RO         3994    i.disk_initialize   diskio.o
    0x08003356   0x00000002   PAD
    0x08003358   0x00000054   Code   RO         3995    i.disk_ioctl        diskio.o
    0x080033ac   0x000000ae   Code   RO         3996    i.disk_read         diskio.o
    0x0800345a   0x0000001c   Code   RO         3997    i.disk_status       diskio.o
    0x08003476   0x000000b4   Code   RO         3998    i.disk_write        diskio.o
    0x0800352a   0x00000002   PAD
    0x0800352c   0x0000005c   Code   RO         4064    i.f_mount           ff.o
    0x08003588   0x000003d8   Code   RO         4079    i.find_volume       ff.o
    0x08003960   0x00000024   Code   RO         3650    i.fputc             bsp_usart.o
    0x08003984   0x0000004a   Code   RO         4085    i.get_ldnumber      ff.o
    0x080039ce   0x00000002   PAD
    0x080039d0   0x00000364   Code   RO         3111    i.main              main.o
    0x08003d34   0x00000034   Code   RO         4090    i.move_window       ff.o
    0x08003d68   0x00000052   Code   RO         4098    i.sync_window       ff.o
    0x08003dba   0x00003b60   Data   RO         3623    .constdata          fonts.o
    0x0800791a   0x00000002   PAD
    0x0800791c   0x00000020   Data   RO         4722    Region$$Table       anon$$obj.o


    Execution Region RW_IRAM1 (Base: 0x20000000, Size: 0x00002298, Max: 0x00010000, ABSOLUTE, COMPRESSED[0x000000e4])

    Base Addr    Size         Type   Attr      Idx    E Section Name        Object

    0x20000000   0x00000014   Data   RW           28    .data               system_stm32f10x.o
    0x20000014   0x00000014   Data   RW         1738    .data               stm32f10x_rcc.o
    0x20000028   0x00000005   Data   RW         3113    .data               main.o
    0x2000002d   0x00000001   PAD
    0x2000002e   0x000000b0   Data   RW         3287    .data               bsp_ov7725.o
    0x200000de   0x00000002   PAD
    0x200000e0   0x00000010   Data   RW         3458    .data               bsp_ili9341_lcd.o
    0x200000f0   0x00000018   Data   RW         3624    .data               fonts.o
    0x20000108   0x00000008   Data   RW         3695    .data               bsp_systick.o
    0x20000110   0x00000014   Data   RW         3768    .data               bsp_sdio_sdcard.o
    0x20000124   0x0000000a   Data   RW         4101    .data               ff.o
    0x2000012e   0x00000002   PAD
    0x20000130   0x00000004   Data   RW         4694    .data               mc_w.l(stdout.o)
    0x20000134   0x000010a0   Zero   RW         3112    .bss                main.o
    0x200011d4   0x000000c4   Zero   RW         3767    .bss                bsp_sdio_sdcard.o
    0x20001298   0x00001000   Zero   RW            1    STACK               startup_stm32f10x_hd.o


==============================================================================

Image component sizes


      Code (inc. data)   RO Data    RW Data    ZI Data      Debug   Object Name

         0          0          0          0          0        488   bsp_bmp.o
      1864        100          0         16          0      11144   bsp_ili9341_lcd.o
       104         10          0          0          0       1385   bsp_key.o
        96          6          0          0          0        526   bsp_led.o
      1580         76          0        176          0       8441   bsp_ov7725.o
       766         34          0          0          0       6088   bsp_sccb.o
      4092        284          0         20        196      21624   bsp_sdio_sdcard.o
       144         22          0          8          0       2241   bsp_systick.o
       164         12          0          0          0       1155   bsp_usart.o
         0          0          0          0          0       4496   core_cm3.o
       508          6          0          0          0       5071   diskio.o
      1428         28          0         10          0      11922   ff.o
         0          0      15200         24          0       1293   fonts.o
       868        260          0          5       4256      29188   main.o
       132         22          0          0          0       1539   misc.o
        36          8        304          0       4096        864   startup_stm32f10x_hd.o
       156         18          0          0          0       3897   stm32f10x_dma.o
       216         22          0          0          0       2623   stm32f10x_exti.o
       282          6          0          0          0       1817   stm32f10x_fsmc.o
       368          4          0          0          0       4254   stm32f10x_gpio.o
       176         20          0          0          0      10855   stm32f10x_it.o
       276         32          0         20          0       4437   stm32f10x_rcc.o
       372         86          0          0          0       9667   stm32f10x_sdio.o
       274          6          0          0          0       3992   stm32f10x_usart.o
       328         28          0         20          0     259561   system_stm32f10x.o

    ----------------------------------------------------------------------
     14254       1090      15538        304       8548     408568   Object Totals
         0          0         32          0          0          0   (incl. Generated)
        24          0          2          5          0          0   (incl. Padding)

    ----------------------------------------------------------------------

      Code (inc. data)   RO Data    RW Data    ZI Data      Debug   Library Member Name

        86          0          0          0          0          0   __dczerorl2.o
         0          0          0          0          0          0   entry.o
         0          0          0          0          0          0   entry10a.o
         0          0          0          0          0          0   entry11a.o
         8          4          0          0          0          0   entry2.o
         4          0          0          0          0          0   entry5.o
         0          0          0          0          0          0   entry7b.o
         0          0          0          0          0          0   entry8b.o
         8          4          0          0          0          0   entry9a.o
        30          0          0          0          0          0   handlers.o
        36          8          0          0          0         68   init.o
         0          0          0          0          0          0   iusefp.o
        30          0          0          0          0         68   llshl.o
        32          0          0          0          0         68   llushr.o
        36          0          0          0          0         68   memcpya.o
       588         14          0          0          0        184   printf4.o
         0          0          0          4          0          0   stdout.o
        98          0          0          0          0         92   uldiv.o
       176          0          0          0          0        140   fadd.o
       110          0          0          0          0        168   fepilogue.o

    ----------------------------------------------------------------------
      1244         30          0          4          0        856   Library Totals
         2          0          0          0          0          0   (incl. Padding)

    ----------------------------------------------------------------------

      Code (inc. data)   RO Data    RW Data    ZI Data      Debug   Library Name

       956         30          0          4          0        548   mc_w.l
       286          0          0          0          0        308   mf_w.l

    ----------------------------------------------------------------------
      1244         30          0          4          0        856   Library Totals

    ----------------------------------------------------------------------

==============================================================================


      Code (inc. data)   RO Data    RW Data    ZI Data      Debug   

     15498       1120      15538        308       8548     402272   Grand Totals
     15498       1120      15538        228       8548     402272   ELF Image Totals (compressed)
     15498       1120      15538        228          0          0   ROM Totals

==============================================================================

    Total RO  Size (Code + RO Data)                31036 (  30.31kB)
    Total RW  Size (RW Data + ZI Data)              8856 (   8.65kB)
    Total ROM Size (Code + RO Data + RW Data)      31264 (  30.53kB)

==============================================================================

